Archive member included to satisfy reference by file (symbol)

c:/st/stm32cubeide_1.9.0/stm32cubeide/plugins/com.st.stm32cube.ide.mcu.externaltools.gnu-tools-for-stm32.10.3-2021.10.win32_1.0.0.202111181127/tools/bin/../lib/gcc/arm-none-eabi/10.3.1/../../../../arm-none-eabi/lib/thumb/v7e-m+fp/hard\libc_nano.a(lib_a-errno.o)
                              ./Core/Src/syscalls.o (__errno)
c:/st/stm32cubeide_1.9.0/stm32cubeide/plugins/com.st.stm32cube.ide.mcu.externaltools.gnu-tools-for-stm32.10.3-2021.10.win32_1.0.0.202111181127/tools/bin/../lib/gcc/arm-none-eabi/10.3.1/../../../../arm-none-eabi/lib/thumb/v7e-m+fp/hard\libc_nano.a(lib_a-exit.o)
                              c:/st/stm32cubeide_1.9.0/stm32cubeide/plugins/com.st.stm32cube.ide.mcu.externaltools.gnu-tools-for-stm32.10.3-2021.10.win32_1.0.0.202111181127/tools/bin/../lib/gcc/arm-none-eabi/10.3.1/../../../../arm-none-eabi/lib/thumb/v7e-m+fp/hard/crt0.o (exit)
c:/st/stm32cubeide_1.9.0/stm32cubeide/plugins/com.st.stm32cube.ide.mcu.externaltools.gnu-tools-for-stm32.10.3-2021.10.win32_1.0.0.202111181127/tools/bin/../lib/gcc/arm-none-eabi/10.3.1/../../../../arm-none-eabi/lib/thumb/v7e-m+fp/hard\libc_nano.a(lib_a-impure.o)
                              c:/st/stm32cubeide_1.9.0/stm32cubeide/plugins/com.st.stm32cube.ide.mcu.externaltools.gnu-tools-for-stm32.10.3-2021.10.win32_1.0.0.202111181127/tools/bin/../lib/gcc/arm-none-eabi/10.3.1/../../../../arm-none-eabi/lib/thumb/v7e-m+fp/hard\libc_nano.a(lib_a-exit.o) (_global_impure_ptr)
c:/st/stm32cubeide_1.9.0/stm32cubeide/plugins/com.st.stm32cube.ide.mcu.externaltools.gnu-tools-for-stm32.10.3-2021.10.win32_1.0.0.202111181127/tools/bin/../lib/gcc/arm-none-eabi/10.3.1/../../../../arm-none-eabi/lib/thumb/v7e-m+fp/hard\libc_nano.a(lib_a-init.o)
                              c:/st/stm32cubeide_1.9.0/stm32cubeide/plugins/com.st.stm32cube.ide.mcu.externaltools.gnu-tools-for-stm32.10.3-2021.10.win32_1.0.0.202111181127/tools/bin/../lib/gcc/arm-none-eabi/10.3.1/../../../../arm-none-eabi/lib/thumb/v7e-m+fp/hard/crt0.o (__libc_init_array)
c:/st/stm32cubeide_1.9.0/stm32cubeide/plugins/com.st.stm32cube.ide.mcu.externaltools.gnu-tools-for-stm32.10.3-2021.10.win32_1.0.0.202111181127/tools/bin/../lib/gcc/arm-none-eabi/10.3.1/../../../../arm-none-eabi/lib/thumb/v7e-m+fp/hard\libc_nano.a(lib_a-memcpy-stub.o)
                              ./3rd_party/FreeRTOS/queue.o (memcpy)
c:/st/stm32cubeide_1.9.0/stm32cubeide/plugins/com.st.stm32cube.ide.mcu.externaltools.gnu-tools-for-stm32.10.3-2021.10.win32_1.0.0.202111181127/tools/bin/../lib/gcc/arm-none-eabi/10.3.1/../../../../arm-none-eabi/lib/thumb/v7e-m+fp/hard\libc_nano.a(lib_a-memset.o)
                              c:/st/stm32cubeide_1.9.0/stm32cubeide/plugins/com.st.stm32cube.ide.mcu.externaltools.gnu-tools-for-stm32.10.3-2021.10.win32_1.0.0.202111181127/tools/bin/../lib/gcc/arm-none-eabi/10.3.1/../../../../arm-none-eabi/lib/thumb/v7e-m+fp/hard/crt0.o (memset)
c:/st/stm32cubeide_1.9.0/stm32cubeide/plugins/com.st.stm32cube.ide.mcu.externaltools.gnu-tools-for-stm32.10.3-2021.10.win32_1.0.0.202111181127/tools/bin/../lib/gcc/arm-none-eabi/10.3.1/thumb/v7e-m+fp/hard\libgcc.a(_aeabi_uldivmod.o)
                              ./Drivers/STM32F4xx_HAL_Driver/Src/stm32f4xx_hal_rcc.o (__aeabi_uldivmod)
c:/st/stm32cubeide_1.9.0/stm32cubeide/plugins/com.st.stm32cube.ide.mcu.externaltools.gnu-tools-for-stm32.10.3-2021.10.win32_1.0.0.202111181127/tools/bin/../lib/gcc/arm-none-eabi/10.3.1/thumb/v7e-m+fp/hard\libgcc.a(_udivmoddi4.o)
                              c:/st/stm32cubeide_1.9.0/stm32cubeide/plugins/com.st.stm32cube.ide.mcu.externaltools.gnu-tools-for-stm32.10.3-2021.10.win32_1.0.0.202111181127/tools/bin/../lib/gcc/arm-none-eabi/10.3.1/thumb/v7e-m+fp/hard\libgcc.a(_aeabi_uldivmod.o) (__udivmoddi4)
c:/st/stm32cubeide_1.9.0/stm32cubeide/plugins/com.st.stm32cube.ide.mcu.externaltools.gnu-tools-for-stm32.10.3-2021.10.win32_1.0.0.202111181127/tools/bin/../lib/gcc/arm-none-eabi/10.3.1/thumb/v7e-m+fp/hard\libgcc.a(_dvmd_tls.o)
                              c:/st/stm32cubeide_1.9.0/stm32cubeide/plugins/com.st.stm32cube.ide.mcu.externaltools.gnu-tools-for-stm32.10.3-2021.10.win32_1.0.0.202111181127/tools/bin/../lib/gcc/arm-none-eabi/10.3.1/thumb/v7e-m+fp/hard\libgcc.a(_aeabi_uldivmod.o) (__aeabi_ldiv0)

Discarded input sections

 .text          0x0000000000000000        0x0 c:/st/stm32cubeide_1.9.0/stm32cubeide/plugins/com.st.stm32cube.ide.mcu.externaltools.gnu-tools-for-stm32.10.3-2021.10.win32_1.0.0.202111181127/tools/bin/../lib/gcc/arm-none-eabi/10.3.1/thumb/v7e-m+fp/hard/crti.o
 .data          0x0000000000000000        0x0 c:/st/stm32cubeide_1.9.0/stm32cubeide/plugins/com.st.stm32cube.ide.mcu.externaltools.gnu-tools-for-stm32.10.3-2021.10.win32_1.0.0.202111181127/tools/bin/../lib/gcc/arm-none-eabi/10.3.1/thumb/v7e-m+fp/hard/crti.o
[...]
Memory Configuration

Name             Origin             Length             Attributes
RAM              0x0000000020000000 0x0000000000018000 xrw
FLASH            0x0000000008000000 0x0000000000080000 xr
*default*        0x0000000000000000 0xffffffffffffffff

Linker script and memory map

LOAD c:/st/stm32cubeide_1.9.0/stm32cubeide/plugins/com.st.stm32cube.ide.mcu.externaltools.gnu-tools-for-stm32.10.3-2021.10.win32_1.0.0.202111181127/tools/bin/../lib/gcc/arm-none-eabi/10.3.1/thumb/v7e-m+fp/hard/crti.o
LOAD c:/st/stm32cubeide_1.9.0/stm32cubeide/plugins/com.st.stm32cube.ide.mcu.externaltools.gnu-tools-for-stm32.10.3-2021.10.win32_1.0.0.202111181127/tools/bin/../lib/gcc/arm-none-eabi/10.3.1/thumb/v7e-m+fp/hard/crtbegin.o
LOAD c:/st/stm32cubeide_1.9.0/stm32cubeide/plugins/com.st.stm32cube.ide.mcu.externaltools.gnu-tools-for-stm32.10.3-2021.10.win32_1.0.0.202111181127/tools/bin/../lib/gcc/arm-none-eabi/10.3.1/../../../../arm-none-eabi/lib/thumb/v7e-m+fp/hard/crt0.o
LOAD ./3rd_party/FreeRTOS/croutine.o
LOAD ./3rd_party/FreeRTOS/event_groups.o
LOAD ./3rd_party/FreeRTOS/list.o
LOAD ./3rd_party/FreeRTOS/queue.o
LOAD ./3rd_party/FreeRTOS/stream_buffer.o
LOAD ./3rd_party/FreeRTOS/tasks.o
LOAD ./3rd_party/FreeRTOS/timers.o
LOAD ./3rd_party/FreeRTOS/portable/GCC/ARM_CM4F/port.o
LOAD ./3rd_party/FreeRTOS/portable/MemMang/heap_4.o
LOAD ./Core/Src/main.o
LOAD ./Core/Src/stm32f4xx_hal_msp.o
LOAD ./Core/Src/stm32f4xx_hal_timebase_tim.o
LOAD ./Core/Src/stm32f4xx_it.o
LOAD ./Core/Src/syscalls.o
LOAD ./Core/Src/system_stm32f4xx.o
LOAD ./Core/Startup/startup_stm32f401retx.o
LOAD ./Drivers/STM32F4xx_HAL_Driver/Src/stm32f4xx_hal.o
LOAD ./Drivers/STM32F4xx_HAL_Driver/Src/stm32f4xx_hal_cortex.o
LOAD ./Drivers/STM32F4xx_HAL_Driver/Src/stm32f4xx_hal_dma.o
LOAD ./Drivers/STM32F4xx_HAL_Driver/Src/stm32f4xx_hal_dma_ex.o
LOAD ./Drivers/STM32F4xx_HAL_Driver/Src/stm32f4xx_hal_exti.o
LOAD ./Drivers/STM32F4xx_HAL_Driver/Src/stm32f4xx_hal_flash.o
LOAD ./Drivers/STM32F4xx_HAL_Driver/Src/stm32f4xx_hal_flash_ex.o
LOAD ./Drivers/STM32F4xx_HAL_Driver/Src/stm32f4xx_hal_flash_ramfunc.o
LOAD ./Drivers/STM32F4xx_HAL_Driver/Src/stm32f4xx_hal_gpio.o
LOAD ./Drivers/STM32F4xx_HAL_Driver/Src/stm32f4xx_hal_pwr.o
LOAD ./Drivers/STM32F4xx_HAL_Driver/Src/stm32f4xx_hal_pwr_ex.o
LOAD ./Drivers/STM32F4xx_HAL_Driver/Src/stm32f4xx_hal_rcc.o
LOAD ./Drivers/STM32F4xx_HAL_Driver/Src/stm32f4xx_hal_rcc_ex.o
LOAD ./Drivers/STM32F4xx_HAL_Driver/Src/stm32f4xx_hal_tim.o
LOAD ./Drivers/STM32F4xx_HAL_Driver/Src/stm32f4xx_hal_tim_ex.o
START GROUP
LOAD c:/st/stm32cubeide_1.9.0/stm32cubeide/plugins/com.st.stm32cube.ide.mcu.externaltools.gnu-tools-for-stm32.10.3-2021.10.win32_1.0.0.202111181127/tools/bin/../lib/gcc/arm-none-eabi/10.3.1/../../../../arm-none-eabi/lib/thumb/v7e-m+fp/hard\libc_nano.a
LOAD c:/st/stm32cubeide_1.9.0/stm32cubeide/plugins/com.st.stm32cube.ide.mcu.externaltools.gnu-tools-for-stm32.10.3-2021.10.win32_1.0.0.202111181127/tools/bin/../lib/gcc/arm-none-eabi/10.3.1/../../../../arm-none-eabi/lib/thumb/v7e-m+fp/hard\libm.a
END GROUP
START GROUP
LOAD c:/st/stm32cubeide_1.9.0/stm32cubeide/plugins/com.st.stm32cube.ide.mcu.externaltools.gnu-tools-for-stm32.10.3-2021.10.win32_1.0.0.202111181127/tools/bin/../lib/gcc/arm-none-eabi/10.3.1/thumb/v7e-m+fp/hard\libgcc.a
LOAD c:/st/stm32cubeide_1.9.0/stm32cubeide/plugins/com.st.stm32cube.ide.mcu.externaltools.gnu-tools-for-stm32.10.3-2021.10.win32_1.0.0.202111181127/tools/bin/../lib/gcc/arm-none-eabi/10.3.1/../../../../arm-none-eabi/lib/thumb/v7e-m+fp/hard\libc_nano.a
END GROUP
START GROUP
LOAD c:/st/stm32cubeide_1.9.0/stm32cubeide/plugins/com.st.stm32cube.ide.mcu.externaltools.gnu-tools-for-stm32.10.3-2021.10.win32_1.0.0.202111181127/tools/bin/../lib/gcc/arm-none-eabi/10.3.1/thumb/v7e-m+fp/hard\libgcc.a
LOAD c:/st/stm32cubeide_1.9.0/stm32cubeide/plugins/com.st.stm32cube.ide.mcu.externaltools.gnu-tools-for-stm32.10.3-2021.10.win32_1.0.0.202111181127/tools/bin/../lib/gcc/arm-none-eabi/10.3.1/../../../../arm-none-eabi/lib/thumb/v7e-m+fp/hard\libc_nano.a
LOAD c:/st/stm32cubeide_1.9.0/stm32cubeide/plugins/com.st.stm32cube.ide.mcu.externaltools.gnu-tools-for-stm32.10.3-2021.10.win32_1.0.0.202111181127/tools/bin/../lib/gcc/arm-none-eabi/10.3.1/../../../../arm-none-eabi/lib/thumb/v7e-m+fp/hard\libnosys.a
END GROUP
START GROUP
LOAD c:/st/stm32cubeide_1.9.0/stm32cubeide/plugins/com.st.stm32cube.ide.mcu.externaltools.gnu-tools-for-stm32.10.3-2021.10.win32_1.0.0.202111181127/tools/bin/../lib/gcc/arm-none-eabi/10.3.1/thumb/v7e-m+fp/hard\libgcc.a
LOAD c:/st/stm32cubeide_1.9.0/stm32cubeide/plugins/com.st.stm32cube.ide.mcu.externaltools.gnu-tools-for-stm32.10.3-2021.10.win32_1.0.0.202111181127/tools/bin/../lib/gcc/arm-none-eabi/10.3.1/../../../../arm-none-eabi/lib/thumb/v7e-m+fp/hard\libc_nano.a
LOAD c:/st/stm32cubeide_1.9.0/stm32cubeide/plugins/com.st.stm32cube.ide.mcu.externaltools.gnu-tools-for-stm32.10.3-2021.10.win32_1.0.0.202111181127/tools/bin/../lib/gcc/arm-none-eabi/10.3.1/../../../../arm-none-eabi/lib/thumb/v7e-m+fp/hard\libnosys.a
END GROUP
LOAD c:/st/stm32cubeide_1.9.0/stm32cubeide/plugins/com.st.stm32cube.ide.mcu.externaltools.gnu-tools-for-stm32.10.3-2021.10.win32_1.0.0.202111181127/tools/bin/../lib/gcc/arm-none-eabi/10.3.1/thumb/v7e-m+fp/hard/crtend.o
LOAD c:/st/stm32cubeide_1.9.0/stm32cubeide/plugins/com.st.stm32cube.ide.mcu.externaltools.gnu-tools-for-stm32.10.3-2021.10.win32_1.0.0.202111181127/tools/bin/../lib/gcc/arm-none-eabi/10.3.1/thumb/v7e-m+fp/hard/crtn.o
                0x0000000020018000                _estack = (ORIGIN (RAM) + LENGTH (RAM))
                0x0000000000000200                _Min_Heap_Size = 0x200
                0x0000000000000400                _Min_Stack_Size = 0x400

.isr_vector     0x0000000008000000      0x194
                0x0000000008000000                . = ALIGN (0x4)
 *(.isr_vector)
 .isr_vector    0x0000000008000000      0x194 ./Core/Startup/startup_stm32f401retx.o
                0x0000000008000000                g_pfnVectors
                0x0000000008000194                . = ALIGN (0x4)

.text           0x00000000080001a0     0x1a98
                0x00000000080001a0                . = ALIGN (0x4)
 *(.text)
 .text          0x00000000080001a0       0x40 c:/st/stm32cubeide_1.9.0/stm32cubeide/plugins/com.st.stm32cube.ide.mcu.externaltools.gnu-tools-for-stm32.10.3-2021.10.win32_1.0.0.202111181127/tools/bin/../lib/gcc/arm-none-eabi/10.3.1/thumb/v7e-m+fp/hard/crtbegin.o
 .text          0x00000000080001e0       0x30 c:/st/stm32cubeide_1.9.0/stm32cubeide/plugins/com.st.stm32cube.ide.mcu.externaltools.gnu-tools-for-stm32.10.3-2021.10.win32_1.0.0.202111181127/tools/bin/../lib/gcc/arm-none-eabi/10.3.1/thumb/v7e-m+fp/hard\libgcc.a(_aeabi_uldivmod.o)
                0x00000000080001e0                __aeabi_uldivmod
 .text          0x0000000008000210      0x2d0 c:/st/stm32cubeide_1.9.0/stm32cubeide/plugins/com.st.stm32cube.ide.mcu.externaltools.gnu-tools-for-stm32.10.3-2021.10.win32_1.0.0.202111181127/tools/bin/../lib/gcc/arm-none-eabi/10.3.1/thumb/v7e-m+fp/hard\libgcc.a(_udivmoddi4.o)
                0x0000000008000210                __udivmoddi4
 .text          0x00000000080004e0        0x4 c:/st/stm32cubeide_1.9.0/stm32cubeide/plugins/com.st.stm32cube.ide.mcu.externaltools.gnu-tools-for-stm32.10.3-2021.10.win32_1.0.0.202111181127/tools/bin/../lib/gcc/arm-none-eabi/10.3.1/thumb/v7e-m+fp/hard\libgcc.a(_dvmd_tls.o)
                0x00000000080004e0                __aeabi_idiv0
                0x00000000080004e0                __aeabi_ldiv0
 *(.text*)
 .text.xTaskIncrementTick
                0x00000000080004e4      0x22c ./3rd_party/FreeRTOS/tasks.o
                0x00000000080004e4                xTaskIncrementTick
 .text.vTaskSwitchContext
                0x0000000008000710       0xb8 ./3rd_party/FreeRTOS/tasks.o
                0x0000000008000710                vTaskSwitchContext
 .text.prvResetNextTaskUnblockTime
                0x00000000080007c8       0x38 ./3rd_party/FreeRTOS/tasks.o
 .text.SVC_Handler
                0x0000000008000800       0x28 ./3rd_party/FreeRTOS/portable/GCC/ARM_CM4F/port.o
                0x0000000008000800                SVC_Handler
 *fill*         0x0000000008000828        0x8 
 .text.PendSV_Handler
                0x0000000008000830       0x68 ./3rd_party/FreeRTOS/portable/GCC/ARM_CM4F/port.o
                0x0000000008000830                PendSV_Handler
 .text.SysTick_Handler
                0x0000000008000898       0x44 ./3rd_party/FreeRTOS/portable/GCC/ARM_CM4F/port.o
                0x0000000008000898                SysTick_Handler
 .text.main     0x00000000080008dc        0xe ./Core/Src/main.o
                0x00000000080008dc                main
 *fill*         0x00000000080008ea        0x2 
 .text.SystemClock_Config
                0x00000000080008ec       0xc0 ./Core/Src/main.o
                0x00000000080008ec                SystemClock_Config
 .text.HAL_TIM_PeriodElapsedCallback
                0x00000000080009ac       0x24 ./Core/Src/main.o
                0x00000000080009ac                HAL_TIM_PeriodElapsedCallback
 .text.Error_Handler
                0x00000000080009d0        0xa ./Core/Src/main.o
                0x00000000080009d0                Error_Handler
 *fill*         0x00000000080009da        0x2 
 .text.HAL_MspInit
                0x00000000080009dc       0x50 ./Core/Src/stm32f4xx_hal_msp.o
                0x00000000080009dc                HAL_MspInit
 .text.HAL_InitTick
                0x0000000008000a2c       0xb0 ./Core/Src/stm32f4xx_hal_timebase_tim.o
                0x0000000008000a2c                HAL_InitTick
 .text.NMI_Handler
                0x0000000008000adc        0x6 ./Core/Src/stm32f4xx_it.o
                0x0000000008000adc                NMI_Handler
 .text.HardFault_Handler
                0x0000000008000ae2        0x6 ./Core/Src/stm32f4xx_it.o
                0x0000000008000ae2                HardFault_Handler
 .text.MemManage_Handler
                0x0000000008000ae8        0x6 ./Core/Src/stm32f4xx_it.o
                0x0000000008000ae8                MemManage_Handler
 .text.BusFault_Handler
                0x0000000008000aee        0x6 ./Core/Src/stm32f4xx_it.o
                0x0000000008000aee                BusFault_Handler
 .text.UsageFault_Handler
                0x0000000008000af4        0x6 ./Core/Src/stm32f4xx_it.o
                0x0000000008000af4                UsageFault_Handler
 .text.DebugMon_Handler
                0x0000000008000afa        0xe ./Core/Src/stm32f4xx_it.o
                0x0000000008000afa                DebugMon_Handler
 .text.TIM1_UP_TIM10_IRQHandler
                0x0000000008000b08       0x14 ./Core/Src/stm32f4xx_it.o
                0x0000000008000b08                TIM1_UP_TIM10_IRQHandler
 .text.SystemInit
                0x0000000008000b1c       0x24 ./Core/Src/system_stm32f4xx.o
                0x0000000008000b1c                SystemInit
 .text.Reset_Handler
                0x0000000008000b40       0x50 ./Core/Startup/startup_stm32f401retx.o
                0x0000000008000b40                Reset_Handler
 .text.Default_Handler
                0x0000000008000b90        0x2 ./Core/Startup/startup_stm32f401retx.o
                0x0000000008000b90                RTC_Alarm_IRQHandler
                0x0000000008000b90                EXTI2_IRQHandler
                0x0000000008000b90                SPI4_IRQHandler
                0x0000000008000b90                TIM1_CC_IRQHandler
                0x0000000008000b90                DMA2_Stream5_IRQHandler
                0x0000000008000b90                DMA1_Stream5_IRQHandler
                0x0000000008000b90                PVD_IRQHandler
                0x0000000008000b90                SDIO_IRQHandler
                0x0000000008000b90                TAMP_STAMP_IRQHandler
                0x0000000008000b90                EXTI3_IRQHandler
                0x0000000008000b90                I2C3_ER_IRQHandler
                0x0000000008000b90                EXTI0_IRQHandler
                0x0000000008000b90                I2C2_EV_IRQHandler
                0x0000000008000b90                DMA1_Stream2_IRQHandler
                0x0000000008000b90                FPU_IRQHandler
                0x0000000008000b90                DMA2_Stream2_IRQHandler
                0x0000000008000b90                SPI1_IRQHandler
                0x0000000008000b90                TIM1_BRK_TIM9_IRQHandler
                0x0000000008000b90                DMA2_Stream3_IRQHandler
                0x0000000008000b90                USART6_IRQHandler
                0x0000000008000b90                DMA2_Stream0_IRQHandler
                0x0000000008000b90                TIM4_IRQHandler
                0x0000000008000b90                I2C1_EV_IRQHandler
                0x0000000008000b90                DMA1_Stream6_IRQHandler
                0x0000000008000b90                DMA1_Stream1_IRQHandler
                0x0000000008000b90                TIM3_IRQHandler
                0x0000000008000b90                RCC_IRQHandler
                0x0000000008000b90                Default_Handler
                0x0000000008000b90                EXTI15_10_IRQHandler
                0x0000000008000b90                ADC_IRQHandler
                0x0000000008000b90                DMA1_Stream7_IRQHandler
                0x0000000008000b90                TIM5_IRQHandler
                0x0000000008000b90                DMA2_Stream7_IRQHandler
                0x0000000008000b90                I2C3_EV_IRQHandler
                0x0000000008000b90                EXTI9_5_IRQHandler
                0x0000000008000b90                RTC_WKUP_IRQHandler
                0x0000000008000b90                SPI2_IRQHandler
                0x0000000008000b90                DMA1_Stream0_IRQHandler
                0x0000000008000b90                EXTI4_IRQHandler
                0x0000000008000b90                WWDG_IRQHandler
                0x0000000008000b90                TIM2_IRQHandler
                0x0000000008000b90                OTG_FS_WKUP_IRQHandler
                0x0000000008000b90                TIM1_TRG_COM_TIM11_IRQHandler
                0x0000000008000b90                EXTI1_IRQHandler
                0x0000000008000b90                USART2_IRQHandler
                0x0000000008000b90                I2C2_ER_IRQHandler
                0x0000000008000b90                DMA2_Stream1_IRQHandler
                0x0000000008000b90                FLASH_IRQHandler
                0x0000000008000b90                DMA2_Stream4_IRQHandler
                0x0000000008000b90                USART1_IRQHandler
                0x0000000008000b90                OTG_FS_IRQHandler
                0x0000000008000b90                SPI3_IRQHandler
                0x0000000008000b90                DMA1_Stream4_IRQHandler
                0x0000000008000b90                I2C1_ER_IRQHandler
                0x0000000008000b90                DMA2_Stream6_IRQHandler
                0x0000000008000b90                DMA1_Stream3_IRQHandler
 *fill*         0x0000000008000b92        0x2 
 .text.HAL_Init
                0x0000000008000b94       0x44 ./Drivers/STM32F4xx_HAL_Driver/Src/stm32f4xx_hal.o
                0x0000000008000b94                HAL_Init
 .text.HAL_IncTick
                0x0000000008000bd8       0x28 ./Drivers/STM32F4xx_HAL_Driver/Src/stm32f4xx_hal.o
                0x0000000008000bd8                HAL_IncTick
 .text.HAL_GetTick
                0x0000000008000c00       0x18 ./Drivers/STM32F4xx_HAL_Driver/Src/stm32f4xx_hal.o
                0x0000000008000c00                HAL_GetTick
 .text.__NVIC_SetPriorityGrouping
                0x0000000008000c18       0x48 ./Drivers/STM32F4xx_HAL_Driver/Src/stm32f4xx_hal_cortex.o
 .text.__NVIC_GetPriorityGrouping
                0x0000000008000c60       0x1c ./Drivers/STM32F4xx_HAL_Driver/Src/stm32f4xx_hal_cortex.o
 .text.__NVIC_EnableIRQ
                0x0000000008000c7c       0x3c ./Drivers/STM32F4xx_HAL_Driver/Src/stm32f4xx_hal_cortex.o
 .text.__NVIC_SetPriority
                0x0000000008000cb8       0x54 ./Drivers/STM32F4xx_HAL_Driver/Src/stm32f4xx_hal_cortex.o
 .text.NVIC_EncodePriority
                0x0000000008000d0c       0x66 ./Drivers/STM32F4xx_HAL_Driver/Src/stm32f4xx_hal_cortex.o
 .text.HAL_NVIC_SetPriorityGrouping
                0x0000000008000d72       0x16 ./Drivers/STM32F4xx_HAL_Driver/Src/stm32f4xx_hal_cortex.o
                0x0000000008000d72                HAL_NVIC_SetPriorityGrouping
 .text.HAL_NVIC_SetPriority
                0x0000000008000d88       0x38 ./Drivers/STM32F4xx_HAL_Driver/Src/stm32f4xx_hal_cortex.o
                0x0000000008000d88                HAL_NVIC_SetPriority
 .text.HAL_NVIC_EnableIRQ
                0x0000000008000dc0       0x1c ./Drivers/STM32F4xx_HAL_Driver/Src/stm32f4xx_hal_cortex.o
                0x0000000008000dc0                HAL_NVIC_EnableIRQ
 .text.HAL_RCC_OscConfig
                0x0000000008000ddc      0x4f0 ./Drivers/STM32F4xx_HAL_Driver/Src/stm32f4xx_hal_rcc.o
                0x0000000008000ddc                HAL_RCC_OscConfig
 .text.HAL_RCC_ClockConfig
                0x00000000080012cc      0x1cc ./Drivers/STM32F4xx_HAL_Driver/Src/stm32f4xx_hal_rcc.o
                0x00000000080012cc                HAL_RCC_ClockConfig
 .text.HAL_RCC_GetSysClockFreq
                0x0000000008001498      0x18c ./Drivers/STM32F4xx_HAL_Driver/Src/stm32f4xx_hal_rcc.o
                0x0000000008001498                HAL_RCC_GetSysClockFreq
 .text.HAL_RCC_GetHCLKFreq
                0x0000000008001624       0x18 ./Drivers/STM32F4xx_HAL_Driver/Src/stm32f4xx_hal_rcc.o
                0x0000000008001624                HAL_RCC_GetHCLKFreq
 .text.HAL_RCC_GetPCLK2Freq
                0x000000000800163c       0x28 ./Drivers/STM32F4xx_HAL_Driver/Src/stm32f4xx_hal_rcc.o
                0x000000000800163c                HAL_RCC_GetPCLK2Freq
 .text.HAL_RCC_GetClockConfig
                0x0000000008001664       0x64 ./Drivers/STM32F4xx_HAL_Driver/Src/stm32f4xx_hal_rcc.o
                0x0000000008001664                HAL_RCC_GetClockConfig
 .text.HAL_TIM_Base_Init
                0x00000000080016c8       0x9e ./Drivers/STM32F4xx_HAL_Driver/Src/stm32f4xx_hal_tim.o
                0x00000000080016c8                HAL_TIM_Base_Init
 .text.HAL_TIM_Base_MspInit
                0x0000000008001766       0x14 ./Drivers/STM32F4xx_HAL_Driver/Src/stm32f4xx_hal_tim.o
                0x0000000008001766                HAL_TIM_Base_MspInit
 *fill*         0x000000000800177a        0x2 
 .text.HAL_TIM_Base_Start_IT
                0x000000000800177c       0xc4 ./Drivers/STM32F4xx_HAL_Driver/Src/stm32f4xx_hal_tim.o
                0x000000000800177c                HAL_TIM_Base_Start_IT
 .text.HAL_TIM_IRQHandler
                0x0000000008001840      0x210 ./Drivers/STM32F4xx_HAL_Driver/Src/stm32f4xx_hal_tim.o
                0x0000000008001840                HAL_TIM_IRQHandler
 .text.HAL_TIM_OC_DelayElapsedCallback
                0x0000000008001a50       0x14 ./Drivers/STM32F4xx_HAL_Driver/Src/stm32f4xx_hal_tim.o
                0x0000000008001a50                HAL_TIM_OC_DelayElapsedCallback
 .text.HAL_TIM_IC_CaptureCallback
                0x0000000008001a64       0x14 ./Drivers/STM32F4xx_HAL_Driver/Src/stm32f4xx_hal_tim.o
                0x0000000008001a64                HAL_TIM_IC_CaptureCallback
 .text.HAL_TIM_PWM_PulseFinishedCallback
                0x0000000008001a78       0x14 ./Drivers/STM32F4xx_HAL_Driver/Src/stm32f4xx_hal_tim.o
                0x0000000008001a78                HAL_TIM_PWM_PulseFinishedCallback
 .text.HAL_TIM_TriggerCallback
                0x0000000008001a8c       0x14 ./Drivers/STM32F4xx_HAL_Driver/Src/stm32f4xx_hal_tim.o
                0x0000000008001a8c                HAL_TIM_TriggerCallback
 .text.TIM_Base_SetConfig
                0x0000000008001aa0      0x100 ./Drivers/STM32F4xx_HAL_Driver/Src/stm32f4xx_hal_tim.o
                0x0000000008001aa0                TIM_Base_SetConfig
 .text.HAL_TIMEx_CommutCallback
                0x0000000008001ba0       0x14 ./Drivers/STM32F4xx_HAL_Driver/Src/stm32f4xx_hal_tim_ex.o
                0x0000000008001ba0                HAL_TIMEx_CommutCallback
 .text.HAL_TIMEx_BreakCallback
                0x0000000008001bb4       0x14 ./Drivers/STM32F4xx_HAL_Driver/Src/stm32f4xx_hal_tim_ex.o
                0x0000000008001bb4                HAL_TIMEx_BreakCallback
 .text.__libc_init_array
                0x0000000008001bc8       0x48 c:/st/stm32cubeide_1.9.0/stm32cubeide/plugins/com.st.stm32cube.ide.mcu.externaltools.gnu-tools-for-stm32.10.3-2021.10.win32_1.0.0.202111181127/tools/bin/../lib/gcc/arm-none-eabi/10.3.1/../../../../arm-none-eabi/lib/thumb/v7e-m+fp/hard\libc_nano.a(lib_a-init.o)
                0x0000000008001bc8                __libc_init_array
 .text.memset   0x0000000008001c10       0x10 c:/st/stm32cubeide_1.9.0/stm32cubeide/plugins/com.st.stm32cube.ide.mcu.externaltools.gnu-tools-for-stm32.10.3-2021.10.win32_1.0.0.202111181127/tools/bin/../lib/gcc/arm-none-eabi/10.3.1/../../../../arm-none-eabi/lib/thumb/v7e-m+fp/hard\libc_nano.a(lib_a-memset.o)
                0x0000000008001c10                memset
 *(.glue_7)
 .glue_7        0x0000000008001c20        0x0 linker stubs
 *(.glue_7t)
 .glue_7t       0x0000000008001c20        0x0 linker stubs
 *(.eh_frame)
 .eh_frame      0x0000000008001c20        0x0 c:/st/stm32cubeide_1.9.0/stm32cubeide/plugins/com.st.stm32cube.ide.mcu.externaltools.gnu-tools-for-stm32.10.3-2021.10.win32_1.0.0.202111181127/tools/bin/../lib/gcc/arm-none-eabi/10.3.1/thumb/v7e-m+fp/hard/crtbegin.o
 *(.init)
 .init          0x0000000008001c20        0x4 c:/st/stm32cubeide_1.9.0/stm32cubeide/plugins/com.st.stm32cube.ide.mcu.externaltools.gnu-tools-for-stm32.10.3-2021.10.win32_1.0.0.202111181127/tools/bin/../lib/gcc/arm-none-eabi/10.3.1/thumb/v7e-m+fp/hard/crti.o
                0x0000000008001c20                _init
 .init          0x0000000008001c24        0x8 c:/st/stm32cubeide_1.9.0/stm32cubeide/plugins/com.st.stm32cube.ide.mcu.externaltools.gnu-tools-for-stm32.10.3-2021.10.win32_1.0.0.202111181127/tools/bin/../lib/gcc/arm-none-eabi/10.3.1/thumb/v7e-m+fp/hard/crtn.o
 *(.fini)
 .fini          0x0000000008001c2c        0x4 c:/st/stm32cubeide_1.9.0/stm32cubeide/plugins/com.st.stm32cube.ide.mcu.externaltools.gnu-tools-for-stm32.10.3-2021.10.win32_1.0.0.202111181127/tools/bin/../lib/gcc/arm-none-eabi/10.3.1/thumb/v7e-m+fp/hard/crti.o
                0x0000000008001c2c                _fini
 .fini          0x0000000008001c30        0x8 c:/st/stm32cubeide_1.9.0/stm32cubeide/plugins/com.st.stm32cube.ide.mcu.externaltools.gnu-tools-for-stm32.10.3-2021.10.win32_1.0.0.202111181127/tools/bin/../lib/gcc/arm-none-eabi/10.3.1/thumb/v7e-m+fp/hard/crtn.o
                0x0000000008001c38                . = ALIGN (0x4)
                0x0000000008001c38                _etext = .

.vfp11_veneer   0x0000000008001c38        0x0
 .vfp11_veneer  0x0000000008001c38        0x0 linker stubs

.v4_bx          0x0000000008001c38        0x0
 .v4_bx         0x0000000008001c38        0x0 linker stubs

.iplt           0x0000000008001c38        0x0
 .iplt          0x0000000008001c38        0x0 c:/st/stm32cubeide_1.9.0/stm32cubeide/plugins/com.st.stm32cube.ide.mcu.externaltools.gnu-tools-for-stm32.10.3-2021.10.win32_1.0.0.202111181127/tools/bin/../lib/gcc/arm-none-eabi/10.3.1/thumb/v7e-m+fp/hard/crtbegin.o

.rodata         0x0000000008001c38       0x18
                0x0000000008001c38                . = ALIGN (0x4)
 *(.rodata)
 *(.rodata*)
 .rodata.AHBPrescTable
                0x0000000008001c38       0x10 ./Core/Src/system_stm32f4xx.o
                0x0000000008001c38                AHBPrescTable
 .rodata.APBPrescTable
                0x0000000008001c48        0x8 ./Core/Src/system_stm32f4xx.o
                0x0000000008001c48                APBPrescTable
                0x0000000008001c50                . = ALIGN (0x4)

.ARM.extab      0x0000000008001c50        0x0
                0x0000000008001c50                . = ALIGN (0x4)
 *(.ARM.extab* .gnu.linkonce.armextab.*)
                0x0000000008001c50                . = ALIGN (0x4)

.ARM            0x0000000008001c50        0x8
                0x0000000008001c50                . = ALIGN (0x4)
                0x0000000008001c50                __exidx_start = .
 *(.ARM.exidx*)
 .ARM.exidx     0x0000000008001c50        0x8 c:/st/stm32cubeide_1.9.0/stm32cubeide/plugins/com.st.stm32cube.ide.mcu.externaltools.gnu-tools-for-stm32.10.3-2021.10.win32_1.0.0.202111181127/tools/bin/../lib/gcc/arm-none-eabi/10.3.1/thumb/v7e-m+fp/hard\libgcc.a(_udivmoddi4.o)
                0x0000000008001c58                __exidx_end = .
                0x0000000008001c58                . = ALIGN (0x4)

.rel.dyn        0x0000000008001c58        0x0
 .rel.iplt      0x0000000008001c58        0x0 c:/st/stm32cubeide_1.9.0/stm32cubeide/plugins/com.st.stm32cube.ide.mcu.externaltools.gnu-tools-for-stm32.10.3-2021.10.win32_1.0.0.202111181127/tools/bin/../lib/gcc/arm-none-eabi/10.3.1/thumb/v7e-m+fp/hard/crtbegin.o

.preinit_array  0x0000000008001c58        0x0
                0x0000000008001c58                . = ALIGN (0x4)
                0x0000000008001c58                PROVIDE (__preinit_array_start = .)
 *(.preinit_array*)
                0x0000000008001c58                PROVIDE (__preinit_array_end = .)
                0x0000000008001c58                . = ALIGN (0x4)

.init_array     0x0000000008001c58        0x4
                0x0000000008001c58                . = ALIGN (0x4)
                0x0000000008001c58                PROVIDE (__init_array_start = .)
 *(SORT_BY_NAME(.init_array.*))
 *(.init_array*)
 .init_array    0x0000000008001c58        0x4 c:/st/stm32cubeide_1.9.0/stm32cubeide/plugins/com.st.stm32cube.ide.mcu.externaltools.gnu-tools-for-stm32.10.3-2021.10.win32_1.0.0.202111181127/tools/bin/../lib/gcc/arm-none-eabi/10.3.1/thumb/v7e-m+fp/hard/crtbegin.o
                0x0000000008001c5c                PROVIDE (__init_array_end = .)
                0x0000000008001c5c                . = ALIGN (0x4)

.fini_array     0x0000000008001c5c        0x4
                0x0000000008001c5c                . = ALIGN (0x4)
                [!provide]                        PROVIDE (__fini_array_start = .)
 *(SORT_BY_NAME(.fini_array.*))
 *(.fini_array*)
 .fini_array    0x0000000008001c5c        0x4 c:/st/stm32cubeide_1.9.0/stm32cubeide/plugins/com.st.stm32cube.ide.mcu.externaltools.gnu-tools-for-stm32.10.3-2021.10.win32_1.0.0.202111181127/tools/bin/../lib/gcc/arm-none-eabi/10.3.1/thumb/v7e-m+fp/hard/crtbegin.o
                [!provide]                        PROVIDE (__fini_array_end = .)
                0x0000000008001c60                . = ALIGN (0x4)
                0x0000000008001c60                _sidata = LOADADDR (.data)

.data           0x0000000020000000        0xc load address 0x0000000008001c60
                0x0000000020000000                . = ALIGN (0x4)
                0x0000000020000000                _sdata = .
 *(.data)
 *(.data*)
 .data.SystemCoreClock
                0x0000000020000000        0x4 ./Core/Src/system_stm32f4xx.o
                0x0000000020000000                SystemCoreClock
 .data.uwTickPrio
                0x0000000020000004        0x4 ./Drivers/STM32F4xx_HAL_Driver/Src/stm32f4xx_hal.o
                0x0000000020000004                uwTickPrio
 .data.uwTickFreq
                0x0000000020000008        0x1 ./Drivers/STM32F4xx_HAL_Driver/Src/stm32f4xx_hal.o
                0x0000000020000008                uwTickFreq
 *(.RamFunc)
 *(.RamFunc*)
                0x000000002000000c                . = ALIGN (0x4)
 *fill*         0x0000000020000009        0x3 
                0x000000002000000c                _edata = .

.igot.plt       0x000000002000000c        0x0 load address 0x0000000008001c6c
 .igot.plt      0x000000002000000c        0x0 c:/st/stm32cubeide_1.9.0/stm32cubeide/plugins/com.st.stm32cube.ide.mcu.externaltools.gnu-tools-for-stm32.10.3-2021.10.win32_1.0.0.202111181127/tools/bin/../lib/gcc/arm-none-eabi/10.3.1/thumb/v7e-m+fp/hard/crtbegin.o
                0x000000002000000c                . = ALIGN (0x4)

.bss            0x000000002000000c       0xf4 load address 0x0000000008001c6c
                0x000000002000000c                _sbss = .
                0x000000002000000c                __bss_start__ = _sbss
 *(.bss)
 .bss           0x000000002000000c       0x1c c:/st/stm32cubeide_1.9.0/stm32cubeide/plugins/com.st.stm32cube.ide.mcu.externaltools.gnu-tools-for-stm32.10.3-2021.10.win32_1.0.0.202111181127/tools/bin/../lib/gcc/arm-none-eabi/10.3.1/thumb/v7e-m+fp/hard/crtbegin.o
 *(.bss*)
 .bss.pxCurrentTCB
                0x0000000020000028        0x4 ./3rd_party/FreeRTOS/tasks.o
                0x0000000020000028                pxCurrentTCB
 .bss.pxReadyTasksLists
                0x000000002000002c       0x64 ./3rd_party/FreeRTOS/tasks.o
 .bss.pxDelayedTaskList
                0x0000000020000090        0x4 ./3rd_party/FreeRTOS/tasks.o
 .bss.pxOverflowDelayedTaskList
                0x0000000020000094        0x4 ./3rd_party/FreeRTOS/tasks.o
 .bss.xTickCount
                0x0000000020000098        0x4 ./3rd_party/FreeRTOS/tasks.o
 .bss.uxTopReadyPriority
                0x000000002000009c        0x4 ./3rd_party/FreeRTOS/tasks.o
 .bss.xPendedTicks
                0x00000000200000a0        0x4 ./3rd_party/FreeRTOS/tasks.o
 .bss.xYieldPending
                0x00000000200000a4        0x4 ./3rd_party/FreeRTOS/tasks.o
 .bss.xNumOfOverflows
                0x00000000200000a8        0x4 ./3rd_party/FreeRTOS/tasks.o
 .bss.xNextTaskUnblockTime
                0x00000000200000ac        0x4 ./3rd_party/FreeRTOS/tasks.o
 .bss.uxSchedulerSuspended
                0x00000000200000b0        0x4 ./3rd_party/FreeRTOS/tasks.o
 .bss.htim1     0x00000000200000b4       0x48 ./Core/Src/stm32f4xx_hal_timebase_tim.o
                0x00000000200000b4                htim1
 .bss.uwTick    0x00000000200000fc        0x4 ./Drivers/STM32F4xx_HAL_Driver/Src/stm32f4xx_hal.o
                0x00000000200000fc                uwTick
 *(COMMON)
                0x0000000020000100                . = ALIGN (0x4)
                0x0000000020000100                _ebss = .
                0x0000000020000100                __bss_end__ = _ebss

._user_heap_stack
                0x0000000020000100      0x600 load address 0x0000000008001c6c
                0x0000000020000100                . = ALIGN (0x8)
                [!provide]                        PROVIDE (end = .)
                [!provide]                        PROVIDE (_end = .)
                0x0000000020000300                . = (. + _Min_Heap_Size)
 *fill*         0x0000000020000100      0x200 
                0x0000000020000700                . = (. + _Min_Stack_Size)
 *fill*         0x0000000020000300      0x400 
                0x0000000020000700                . = ALIGN (0x8)

/DISCARD/
 libc.a(*)
 libm.a(*)
 libgcc.a(*)

.ARM.attributes
                0x0000000000000000       0x30
 *(.ARM.attributes)
 .ARM.attributes
                0x0000000000000000       0x1e c:/st/stm32cubeide_1.9.0/stm32cubeide/plugins/com.st.stm32cube.ide.mcu.externaltools.gnu-tools-for-stm32.10.3-2021.10.win32_1.0.0.202111181127/tools/bin/../lib/gcc/arm-none-eabi/10.3.1/thumb/v7e-m+fp/hard/crti.o
 .ARM.attributes
                0x000000000000001e       0x34 c:/st/stm32cubeide_1.9.0/stm32cubeide/plugins/com.st.stm32cube.ide.mcu.externaltools.gnu-tools-for-stm32.10.3-2021.10.win32_1.0.0.202111181127/tools/bin/../lib/gcc/arm-none-eabi/10.3.1/thumb/v7e-m+fp/hard/crtbegin.o
 .ARM.attributes
                0x0000000000000052       0x34 ./3rd_party/FreeRTOS/tasks.o
 .ARM.attributes
                0x0000000000000086       0x34 ./3rd_party/FreeRTOS/portable/GCC/ARM_CM4F/port.o
 .ARM.attributes
                0x00000000000000ba       0x34 ./Core/Src/main.o
 .ARM.attributes
                0x00000000000000ee       0x34 ./Core/Src/stm32f4xx_hal_msp.o
 .ARM.attributes
                0x0000000000000122       0x34 ./Core/Src/stm32f4xx_hal_timebase_tim.o
 .ARM.attributes
                0x0000000000000156       0x34 ./Core/Src/stm32f4xx_it.o
 .ARM.attributes
                0x000000000000018a       0x34 ./Core/Src/system_stm32f4xx.o
 .ARM.attributes
                0x00000000000001be       0x21 ./Core/Startup/startup_stm32f401retx.o
 .ARM.attributes
                0x00000000000001df       0x34 ./Drivers/STM32F4xx_HAL_Driver/Src/stm32f4xx_hal.o
 .ARM.attributes
                0x0000000000000213       0x34 ./Drivers/STM32F4xx_HAL_Driver/Src/stm32f4xx_hal_cortex.o
 .ARM.attributes
                0x0000000000000247       0x34 ./Drivers/STM32F4xx_HAL_Driver/Src/stm32f4xx_hal_rcc.o
 .ARM.attributes
                0x000000000000027b       0x34 ./Drivers/STM32F4xx_HAL_Driver/Src/stm32f4xx_hal_tim.o
 .ARM.attributes
                0x00000000000002af       0x34 ./Drivers/STM32F4xx_HAL_Driver/Src/stm32f4xx_hal_tim_ex.o
 .ARM.attributes
                0x00000000000002e3       0x34 c:/st/stm32cubeide_1.9.0/stm32cubeide/plugins/com.st.stm32cube.ide.mcu.externaltools.gnu-tools-for-stm32.10.3-2021.10.win32_1.0.0.202111181127/tools/bin/../lib/gcc/arm-none-eabi/10.3.1/../../../../arm-none-eabi/lib/thumb/v7e-m+fp/hard\libc_nano.a(lib_a-init.o)
 .ARM.attributes
                0x0000000000000317       0x34 c:/st/stm32cubeide_1.9.0/stm32cubeide/plugins/com.st.stm32cube.ide.mcu.externaltools.gnu-tools-for-stm32.10.3-2021.10.win32_1.0.0.202111181127/tools/bin/../lib/gcc/arm-none-eabi/10.3.1/../../../../arm-none-eabi/lib/thumb/v7e-m+fp/hard\libc_nano.a(lib_a-memset.o)
 .ARM.attributes
                0x000000000000034b       0x1e c:/st/stm32cubeide_1.9.0/stm32cubeide/plugins/com.st.stm32cube.ide.mcu.externaltools.gnu-tools-for-stm32.10.3-2021.10.win32_1.0.0.202111181127/tools/bin/../lib/gcc/arm-none-eabi/10.3.1/thumb/v7e-m+fp/hard\libgcc.a(_aeabi_uldivmod.o)
 .ARM.attributes
                0x0000000000000369       0x34 c:/st/stm32cubeide_1.9.0/stm32cubeide/plugins/com.st.stm32cube.ide.mcu.externaltools.gnu-tools-for-stm32.10.3-2021.10.win32_1.0.0.202111181127/tools/bin/../lib/gcc/arm-none-eabi/10.3.1/thumb/v7e-m+fp/hard\libgcc.a(_udivmoddi4.o)
 .ARM.attributes
                0x000000000000039d       0x1e c:/st/stm32cubeide_1.9.0/stm32cubeide/plugins/com.st.stm32cube.ide.mcu.externaltools.gnu-tools-for-stm32.10.3-2021.10.win32_1.0.0.202111181127/tools/bin/../lib/gcc/arm-none-eabi/10.3.1/thumb/v7e-m+fp/hard\libgcc.a(_dvmd_tls.o)
 .ARM.attributes
                0x00000000000003bb       0x1e c:/st/stm32cubeide_1.9.0/stm32cubeide/plugins/com.st.stm32cube.ide.mcu.externaltools.gnu-tools-for-stm32.10.3-2021.10.win32_1.0.0.202111181127/tools/bin/../lib/gcc/arm-none-eabi/10.3.1/thumb/v7e-m+fp/hard/crtn.o
OUTPUT(FreeRTOS_Project.elf elf32-littlearm)
LOAD linker stubs
LOAD c:/st/stm32cubeide_1.9.0/stm32cubeide/plugins/com.st.stm32cube.ide.mcu.externaltools.gnu-tools-for-stm32.10.3-2021.10.win32_1.0.0.202111181127/tools/bin/../lib/gcc/arm-none-eabi/10.3.1/../../../../arm-none-eabi/lib/thumb/v7e-m+fp/hard\libc.a
LOAD c:/st/stm32cubeide_1.9.0/stm32cubeide/plugins/com.st.stm32cube.ide.mcu.externaltools.gnu-tools-for-stm32.10.3-2021.10.win32_1.0.0.202111181127/tools/bin/../lib/gcc/arm-none-eabi/10.3.1/../../../../arm-none-eabi/lib/thumb/v7e-m+fp/hard\libm.a
LOAD c:/st/stm32cubeide_1.9.0/stm32cubeide/plugins/com.st.stm32cube.ide.mcu.externaltools.gnu-tools-for-stm32.10.3-2021.10.win32_1.0.0.202111181127/tools/bin/../lib/gcc/arm-none-eabi/10.3.1/thumb/v7e-m+fp/hard\libgcc.a

.debug_info     0x0000000000000000     0xb278
 .debug_info    0x0000000000000000     0x25c7 ./3rd_party/FreeRTOS/tasks.o
 .debug_info    0x00000000000025c7      0x507 ./3rd_party/FreeRTOS/portable/GCC/ARM_CM4F/port.o
 .debug_info    0x0000000000002ace      0xb21 ./Core/Src/main.o
 .debug_info    0x00000000000035ef      0x2d4 ./Core/Src/stm32f4xx_hal_msp.o
 .debug_info    0x00000000000038c3      0xbaf ./Core/Src/stm32f4xx_hal_timebase_tim.o
 .debug_info    0x0000000000004472      0x6f0 ./Core/Src/stm32f4xx_it.o
 .debug_info    0x0000000000004b62      0x54f ./Core/Src/system_stm32f4xx.o
 .debug_info    0x00000000000050b1       0x22 ./Core/Startup/startup_stm32f401retx.o
 .debug_info    0x00000000000050d3      0x906 ./Drivers/STM32F4xx_HAL_Driver/Src/stm32f4xx_hal.o
 .debug_info    0x00000000000059d9      0xd85 ./Drivers/STM32F4xx_HAL_Driver/Src/stm32f4xx_hal_cortex.o
 .debug_info    0x000000000000675e      0x98c ./Drivers/STM32F4xx_HAL_Driver/Src/stm32f4xx_hal_rcc.o
 .debug_info    0x00000000000070ea     0x2bb6 ./Drivers/STM32F4xx_HAL_Driver/Src/stm32f4xx_hal_tim.o
 .debug_info    0x0000000000009ca0     0x15d8 ./Drivers/STM32F4xx_HAL_Driver/Src/stm32f4xx_hal_tim_ex.o

.debug_abbrev   0x0000000000000000     0x1a2d
 .debug_abbrev  0x0000000000000000      0x37f ./3rd_party/FreeRTOS/tasks.o
 .debug_abbrev  0x000000000000037f      0x259 ./3rd_party/FreeRTOS/portable/GCC/ARM_CM4F/port.o
 .debug_abbrev  0x00000000000005d8      0x211 ./Core/Src/main.o
 .debug_abbrev  0x00000000000007e9       0xd4 ./Core/Src/stm32f4xx_hal_msp.o
 .debug_abbrev  0x00000000000008bd      0x1e4 ./Core/Src/stm32f4xx_hal_timebase_tim.o
 .debug_abbrev  0x0000000000000aa1      0x182 ./Core/Src/stm32f4xx_it.o
 .debug_abbrev  0x0000000000000c23      0x116 ./Core/Src/system_stm32f4xx.o
 .debug_abbrev  0x0000000000000d39       0x12 ./Core/Startup/startup_stm32f401retx.o
 .debug_abbrev  0x0000000000000d4b      0x23e ./Drivers/STM32F4xx_HAL_Driver/Src/stm32f4xx_hal.o
 .debug_abbrev  0x0000000000000f89      0x316 ./Drivers/STM32F4xx_HAL_Driver/Src/stm32f4xx_hal_cortex.o
 .debug_abbrev  0x000000000000129f      0x2aa ./Drivers/STM32F4xx_HAL_Driver/Src/stm32f4xx_hal_rcc.o
 .debug_abbrev  0x0000000000001549      0x26e ./Drivers/STM32F4xx_HAL_Driver/Src/stm32f4xx_hal_tim.o
 .debug_abbrev  0x00000000000017b7      0x276 ./Drivers/STM32F4xx_HAL_Driver/Src/stm32f4xx_hal_tim_ex.o

.debug_aranges  0x0000000000000000      0xb68
 .debug_aranges
                0x0000000000000000      0x1f8 ./3rd_party/FreeRTOS/tasks.o
 .debug_aranges
                0x00000000000001f8       0x80 ./3rd_party/FreeRTOS/portable/GCC/ARM_CM4F/port.o
 .debug_aranges
                0x0000000000000278       0x38 ./Core/Src/main.o
 .debug_aranges
                0x00000000000002b0       0x20 ./Core/Src/stm32f4xx_hal_msp.o
 .debug_aranges
                0x00000000000002d0       0x30 ./Core/Src/stm32f4xx_hal_timebase_tim.o
 .debug_aranges
                0x0000000000000300       0x50 ./Core/Src/stm32f4xx_it.o
 .debug_aranges
                0x0000000000000350       0x28 ./Core/Src/system_stm32f4xx.o
 .debug_aranges
                0x0000000000000378       0x28 ./Core/Startup/startup_stm32f401retx.o
 .debug_aranges
                0x00000000000003a0       0xf0 ./Drivers/STM32F4xx_HAL_Driver/Src/stm32f4xx_hal.o
 .debug_aranges
                0x0000000000000490      0x118 ./Drivers/STM32F4xx_HAL_Driver/Src/stm32f4xx_hal_cortex.o
 .debug_aranges
                0x00000000000005a8       0x88 ./Drivers/STM32F4xx_HAL_Driver/Src/stm32f4xx_hal_rcc.o
 .debug_aranges
                0x0000000000000630      0x3d0 ./Drivers/STM32F4xx_HAL_Driver/Src/stm32f4xx_hal_tim.o
 .debug_aranges
                0x0000000000000a00      0x168 ./Drivers/STM32F4xx_HAL_Driver/Src/stm32f4xx_hal_tim_ex.o

.debug_ranges   0x0000000000000000      0xaa0
 .debug_ranges  0x0000000000000000      0x1e8 ./3rd_party/FreeRTOS/tasks.o
 .debug_ranges  0x00000000000001e8       0x70 ./3rd_party/FreeRTOS/portable/GCC/ARM_CM4F/port.o
 .debug_ranges  0x0000000000000258       0x28 ./Core/Src/main.o
 .debug_ranges  0x0000000000000280       0x10 ./Core/Src/stm32f4xx_hal_msp.o
 .debug_ranges  0x0000000000000290       0x20 ./Core/Src/stm32f4xx_hal_timebase_tim.o
 .debug_ranges  0x00000000000002b0       0x40 ./Core/Src/stm32f4xx_it.o
 .debug_ranges  0x00000000000002f0       0x18 ./Core/Src/system_stm32f4xx.o
 .debug_ranges  0x0000000000000308       0x20 ./Core/Startup/startup_stm32f401retx.o
 .debug_ranges  0x0000000000000328       0xe0 ./Drivers/STM32F4xx_HAL_Driver/Src/stm32f4xx_hal.o
 .debug_ranges  0x0000000000000408      0x108 ./Drivers/STM32F4xx_HAL_Driver/Src/stm32f4xx_hal_cortex.o
 .debug_ranges  0x0000000000000510       0x78 ./Drivers/STM32F4xx_HAL_Driver/Src/stm32f4xx_hal_rcc.o
 .debug_ranges  0x0000000000000588      0x3c0 ./Drivers/STM32F4xx_HAL_Driver/Src/stm32f4xx_hal_tim.o
 .debug_ranges  0x0000000000000948      0x158 ./Drivers/STM32F4xx_HAL_Driver/Src/stm32f4xx_hal_tim_ex.o

.debug_macro    0x0000000000000000    0x14306
 .debug_macro   0x0000000000000000      0x27e ./3rd_party/FreeRTOS/tasks.o
 .debug_macro   0x000000000000027e       0x17 ./3rd_party/FreeRTOS/tasks.o
 .debug_macro   0x0000000000000295      0x19b ./3rd_party/FreeRTOS/portable/GCC/ARM_CM4F/port.o
 .debug_macro   0x0000000000000430      0x1ce ./Core/Src/main.o
 .debug_macro   0x00000000000005fe      0x295 ./Core/Src/main.o
 .debug_macro   0x0000000000000893       0x2e ./Core/Src/main.o
 .debug_macro   0x00000000000008c1       0x28 ./Core/Src/main.o
 .debug_macro   0x00000000000008e9       0x1c ./Core/Src/main.o
 .debug_macro   0x0000000000000905       0x22 ./Core/Src/main.o
 .debug_macro   0x0000000000000927       0xd9 ./Core/Src/main.o
 .debug_macro   0x0000000000000a00     0x102d ./Core/Src/main.o
 .debug_macro   0x0000000000001a2d      0x11f ./Core/Src/main.o
 .debug_macro   0x0000000000001b4c     0xb86c ./Core/Src/main.o
 .debug_macro   0x000000000000d3b8       0x6d ./Core/Src/main.o
 .debug_macro   0x000000000000d425     0x367e ./Core/Src/main.o
 .debug_macro   0x0000000000010aa3       0x5c ./Core/Src/main.o
 .debug_macro   0x0000000000010aff      0x416 ./Core/Src/main.o
 .debug_macro   0x0000000000010f15      0x9fe ./Core/Src/main.o
 .debug_macro   0x0000000000011913      0x115 ./Core/Src/main.o
 .debug_macro   0x0000000000011a28       0xf8 ./Core/Src/main.o
 .debug_macro   0x0000000000011b20       0xa5 ./Core/Src/main.o
 .debug_macro   0x0000000000011bc5      0x15f ./Core/Src/main.o
 .debug_macro   0x0000000000011d24      0x287 ./Core/Src/main.o
 .debug_macro   0x0000000000011fab       0x5f ./Core/Src/main.o
 .debug_macro   0x000000000001200a      0x236 ./Core/Src/main.o
 .debug_macro   0x0000000000012240      0x132 ./Core/Src/main.o
 .debug_macro   0x0000000000012372      0x264 ./Core/Src/main.o
 .debug_macro   0x00000000000125d6       0x2e ./Core/Src/main.o
 .debug_macro   0x0000000000012604      0x11a ./Core/Src/main.o
 .debug_macro   0x000000000001271e       0x85 ./Core/Src/main.o
 .debug_macro   0x00000000000127a3       0x89 ./Core/Src/main.o
 .debug_macro   0x000000000001282c      0x8e6 ./Core/Src/main.o
 .debug_macro   0x0000000000013112       0x47 ./Core/Src/main.o
 .debug_macro   0x0000000000013159      0x126 ./Core/Src/main.o
 .debug_macro   0x000000000001327f      0x1ce ./Core/Src/stm32f4xx_hal_msp.o
 .debug_macro   0x000000000001344d      0x1c4 ./Core/Src/stm32f4xx_hal_timebase_tim.o
 .debug_macro   0x0000000000013611      0x1d8 ./Core/Src/stm32f4xx_it.o
 .debug_macro   0x00000000000137e9      0x1c4 ./Core/Src/system_stm32f4xx.o
 .debug_macro   0x00000000000139ad      0x224 ./Drivers/STM32F4xx_HAL_Driver/Src/stm32f4xx_hal.o
 .debug_macro   0x0000000000013bd1      0x1c4 ./Drivers/STM32F4xx_HAL_Driver/Src/stm32f4xx_hal_cortex.o
 .debug_macro   0x0000000000013d95      0x1e8 ./Drivers/STM32F4xx_HAL_Driver/Src/stm32f4xx_hal_rcc.o
 .debug_macro   0x0000000000013f7d      0x1c5 ./Drivers/STM32F4xx_HAL_Driver/Src/stm32f4xx_hal_tim.o
 .debug_macro   0x0000000000014142      0x1c4 ./Drivers/STM32F4xx_HAL_Driver/Src/stm32f4xx_hal_tim_ex.o

.debug_line     0x0000000000000000     0xc107
 .debug_line    0x0000000000000000     0x1d9d ./3rd_party/FreeRTOS/tasks.o
 .debug_line    0x0000000000001d9d      0x83b ./3rd_party/FreeRTOS/portable/GCC/ARM_CM4F/port.o
 .debug_line    0x00000000000025d8      0x7e1 ./Core/Src/main.o
 .debug_line    0x0000000000002db9      0x75b ./Core/Src/stm32f4xx_hal_msp.o
 .debug_line    0x0000000000003514      0x7b8 ./Core/Src/stm32f4xx_hal_timebase_tim.o
 .debug_line    0x0000000000003ccc      0x7f8 ./Core/Src/stm32f4xx_it.o
 .debug_line    0x00000000000044c4      0x7dd ./Core/Src/system_stm32f4xx.o
 .debug_line    0x0000000000004ca1       0x88 ./Core/Startup/startup_stm32f401retx.o
 .debug_line    0x0000000000004d29      0xa43 ./Drivers/STM32F4xx_HAL_Driver/Src/stm32f4xx_hal.o
 .debug_line    0x000000000000576c      0xcf2 ./Drivers/STM32F4xx_HAL_Driver/Src/stm32f4xx_hal_cortex.o
 .debug_line    0x000000000000645e      0xdbd ./Drivers/STM32F4xx_HAL_Driver/Src/stm32f4xx_hal_rcc.o
 .debug_line    0x000000000000721b     0x3511 ./Drivers/STM32F4xx_HAL_Driver/Src/stm32f4xx_hal_tim.o
 .debug_line    0x000000000000a72c     0x19db ./Drivers/STM32F4xx_HAL_Driver/Src/stm32f4xx_hal_tim_ex.o

.debug_str      0x0000000000000000    0x90e72
 .debug_str     0x0000000000000000     0xda45 ./3rd_party/FreeRTOS/tasks.o
                                       0xdd65 (size before relaxing)
 .debug_str     0x000000000000da45      0x776 ./3rd_party/FreeRTOS/portable/GCC/ARM_CM4F/port.o
                                       0x9743 (size before relaxing)
 .debug_str     0x000000000000e1bb    0x8072e ./Core/Src/main.o
                                      0x847a4 (size before relaxing)
 .debug_str     0x000000000008e8e9       0x2c ./Core/Src/stm32f4xx_hal_msp.o
                                      0x840a6 (size before relaxing)
 .debug_str     0x000000000008e915      0x4a0 ./Core/Src/stm32f4xx_hal_timebase_tim.o
                                      0x84ac9 (size before relaxing)
 .debug_str     0x000000000008edb5       0xbe ./Core/Src/stm32f4xx_it.o
                                      0x8454a (size before relaxing)
 .debug_str     0x000000000008ee73       0xcb ./Core/Src/system_stm32f4xx.o
                                      0x84156 (size before relaxing)
 .debug_str     0x000000000008ef3e       0x36 ./Core/Startup/startup_stm32f401retx.o
                                         0x6e (size before relaxing)
 .debug_str     0x000000000008ef74      0x5e5 ./Drivers/STM32F4xx_HAL_Driver/Src/stm32f4xx_hal.o
                                      0x84b78 (size before relaxing)
 .debug_str     0x000000000008f559      0x33a ./Drivers/STM32F4xx_HAL_Driver/Src/stm32f4xx_hal_cortex.o
                                      0x84899 (size before relaxing)
 .debug_str     0x000000000008f893      0x273 ./Drivers/STM32F4xx_HAL_Driver/Src/stm32f4xx_hal_rcc.o
                                      0x8458a (size before relaxing)
 .debug_str     0x000000000008fb06      0xe69 ./Drivers/STM32F4xx_HAL_Driver/Src/stm32f4xx_hal_tim.o
                                      0x854be (size before relaxing)
 .debug_str     0x000000000009096f      0x503 ./Drivers/STM32F4xx_HAL_Driver/Src/stm32f4xx_hal_tim_ex.o
                                      0x84cda (size before relaxing)

.comment        0x0000000000000000       0x50
 .comment       0x0000000000000000       0x50 ./3rd_party/FreeRTOS/tasks.o
                                         0x51 (size before relaxing)
 .comment       0x0000000000000050       0x51 ./3rd_party/FreeRTOS/portable/GCC/ARM_CM4F/port.o
 .comment       0x0000000000000050       0x51 ./Core/Src/main.o
 .comment       0x0000000000000050       0x51 ./Core/Src/stm32f4xx_hal_msp.o
 .comment       0x0000000000000050       0x51 ./Core/Src/stm32f4xx_hal_timebase_tim.o
 .comment       0x0000000000000050       0x51 ./Core/Src/stm32f4xx_it.o
 .comment       0x0000000000000050       0x51 ./Core/Src/system_stm32f4xx.o
 .comment       0x0000000000000050       0x51 ./Drivers/STM32F4xx_HAL_Driver/Src/stm32f4xx_hal.o
 .comment       0x0000000000000050       0x51 ./Drivers/STM32F4xx_HAL_Driver/Src/stm32f4xx_hal_cortex.o
 .comment       0x0000000000000050       0x51 ./Drivers/STM32F4xx_HAL_Driver/Src/stm32f4xx_hal_rcc.o
 .comment       0x0000000000000050       0x51 ./Drivers/STM32F4xx_HAL_Driver/Src/stm32f4xx_hal_tim.o
 .comment       0x0000000000000050       0x51 ./Drivers/STM32F4xx_HAL_Driver/Src/stm32f4xx_hal_tim_ex.o

.debug_frame    0x0000000000000000     0x2f40
 .debug_frame   0x0000000000000000      0x8a4 ./3rd_party/FreeRTOS/tasks.o
 .debug_frame   0x00000000000008a4      0x1a8 ./3rd_party/FreeRTOS/portable/GCC/ARM_CM4F/port.o
 .debug_frame   0x0000000000000a4c       0x8c ./Core/Src/main.o
 .debug_frame   0x0000000000000ad8       0x38 ./Core/Src/stm32f4xx_hal_msp.o
 .debug_frame   0x0000000000000b10       0x74 ./Core/Src/stm32f4xx_hal_timebase_tim.o
 .debug_frame   0x0000000000000b84       0xc4 ./Core/Src/stm32f4xx_it.o
 .debug_frame   0x0000000000000c48       0x58 ./Core/Src/system_stm32f4xx.o
 .debug_frame   0x0000000000000ca0      0x374 ./Drivers/STM32F4xx_HAL_Driver/Src/stm32f4xx_hal.o
 .debug_frame   0x0000000000001014      0x498 ./Drivers/STM32F4xx_HAL_Driver/Src/stm32f4xx_hal_cortex.o
 .debug_frame   0x00000000000014ac      0x1f4 ./Drivers/STM32F4xx_HAL_Driver/Src/stm32f4xx_hal_rcc.o
 .debug_frame   0x00000000000016a0     0x11bc ./Drivers/STM32F4xx_HAL_Driver/Src/stm32f4xx_hal_tim.o
 .debug_frame   0x000000000000285c      0x638 ./Drivers/STM32F4xx_HAL_Driver/Src/stm32f4xx_hal_tim_ex.o
 .debug_frame   0x0000000000002e94       0x2c c:/st/stm32cubeide_1.9.0/stm32cubeide/plugins/com.st.stm32cube.ide.mcu.externaltools.gnu-tools-for-stm32.10.3-2021.10.win32_1.0.0.202111181127/tools/bin/../lib/gcc/arm-none-eabi/10.3.1/../../../../arm-none-eabi/lib/thumb/v7e-m+fp/hard\libc_nano.a(lib_a-init.o)
 .debug_frame   0x0000000000002ec0       0x20 c:/st/stm32cubeide_1.9.0/stm32cubeide/plugins/com.st.stm32cube.ide.mcu.externaltools.gnu-tools-for-stm32.10.3-2021.10.win32_1.0.0.202111181127/tools/bin/../lib/gcc/arm-none-eabi/10.3.1/../../../../arm-none-eabi/lib/thumb/v7e-m+fp/hard\libc_nano.a(lib_a-memset.o)
 .debug_frame   0x0000000000002ee0       0x2c c:/st/stm32cubeide_1.9.0/stm32cubeide/plugins/com.st.stm32cube.ide.mcu.externaltools.gnu-tools-for-stm32.10.3-2021.10.win32_1.0.0.202111181127/tools/bin/../lib/gcc/arm-none-eabi/10.3.1/thumb/v7e-m+fp/hard\libgcc.a(_aeabi_uldivmod.o)
 .debug_frame   0x0000000000002f0c       0x34 c:/st/stm32cubeide_1.9.0/stm32cubeide/plugins/com.st.stm32cube.ide.mcu.externaltools.gnu-tools-for-stm32.10.3-2021.10.win32_1.0.0.202111181127/tools/bin/../lib/gcc/arm-none-eabi/10.3.1/thumb/v7e-m+fp/hard\libgcc.a(_udivmoddi4.o)
