Archive member included to satisfy reference by file (symbol)

/usr/lib/gcc/arm-none-eabi/10.3.1/../../../arm-none-eabi/lib/thumb/v7e-m+fp/hard/libc_nano.a(lib_a-atexit.o)
                              /usr/lib/gcc/arm-none-eabi/10.3.1/../../../arm-none-eabi/lib/thumb/v7e-m+fp/hard/crt0.o (atexit)
/usr/lib/gcc/arm-none-eabi/10.3.1/../../../arm-none-eabi/lib/thumb/v7e-m+fp/hard/libc_nano.a(lib_a-errno.o)
                              ./Core/Src/syscalls.o (__errno)
/usr/lib/gcc/arm-none-eabi/10.3.1/../../../arm-none-eabi/lib/thumb/v7e-m+fp/hard/libc_nano.a(lib_a-exit.o)
                              /usr/lib/gcc/arm-none-eabi/10.3.1/../../../arm-none-eabi/lib/thumb/v7e-m+fp/hard/crt0.o (exit)
/usr/lib/gcc/arm-none-eabi/10.3.1/../../../arm-none-eabi/lib/thumb/v7e-m+fp/hard/libc_nano.a(lib_a-fini.o)
                              /usr/lib/gcc/arm-none-eabi/10.3.1/../../../arm-none-eabi/lib/thumb/v7e-m+fp/hard/crt0.o (__libc_fini_array)
/usr/lib/gcc/arm-none-eabi/10.3.1/../../../arm-none-eabi/lib/thumb/v7e-m+fp/hard/libc_nano.a(lib_a-impure.o)
                              /usr/lib/gcc/arm-none-eabi/10.3.1/../../../arm-none-eabi/lib/thumb/v7e-m+fp/hard/libc_nano.a(lib_a-exit.o) (_global_impure_ptr)
/usr/lib/gcc/arm-none-eabi/10.3.1/../../../arm-none-eabi/lib/thumb/v7e-m+fp/hard/libc_nano.a(lib_a-init.o)
                              /usr/lib/gcc/arm-none-eabi/10.3.1/../../../arm-none-eabi/lib/thumb/v7e-m+fp/hard/crt0.o (__libc_init_array)
/usr/lib/gcc/arm-none-eabi/10.3.1/../../../arm-none-eabi/lib/thumb/v7e-m+fp/hard/libc_nano.a(lib_a-memcpy.o)
                              ./3rd_party/FreeRTOS/queue.o (memcpy)
/usr/lib/gcc/arm-none-eabi/10.3.1/../../../arm-none-eabi/lib/thumb/v7e-m+fp/hard/libc_nano.a(lib_a-memset.o)
                              /usr/lib/gcc/arm-none-eabi/10.3.1/../../../arm-none-eabi/lib/thumb/v7e-m+fp/hard/crt0.o (memset)
/usr/lib/gcc/arm-none-eabi/10.3.1/../../../arm-none-eabi/lib/thumb/v7e-m+fp/hard/libc_nano.a(lib_a-__atexit.o)
                              /usr/lib/gcc/arm-none-eabi/10.3.1/../../../arm-none-eabi/lib/thumb/v7e-m+fp/hard/libc_nano.a(lib_a-atexit.o) (__register_exitproc)
/usr/lib/gcc/arm-none-eabi/10.3.1/../../../arm-none-eabi/lib/thumb/v7e-m+fp/hard/libc_nano.a(lib_a-__call_atexit.o)
                              /usr/lib/gcc/arm-none-eabi/10.3.1/../../../arm-none-eabi/lib/thumb/v7e-m+fp/hard/libc_nano.a(lib_a-__atexit.o) (__call_exitprocs)
/usr/lib/gcc/arm-none-eabi/10.3.1/thumb/v7e-m+fp/hard/libgcc.a(_aeabi_uldivmod.o)
                              ./Drivers/STM32F4xx_HAL_Driver/Src/stm32f4xx_hal_rcc.o (__aeabi_uldivmod)
/usr/lib/gcc/arm-none-eabi/10.3.1/thumb/v7e-m+fp/hard/libgcc.a(_udivmoddi4.o)
                              /usr/lib/gcc/arm-none-eabi/10.3.1/thumb/v7e-m+fp/hard/libgcc.a(_aeabi_uldivmod.o) (__udivmoddi4)
/usr/lib/gcc/arm-none-eabi/10.3.1/thumb/v7e-m+fp/hard/libgcc.a(_dvmd_tls.o)
                              /usr/lib/gcc/arm-none-eabi/10.3.1/thumb/v7e-m+fp/hard/libgcc.a(_aeabi_uldivmod.o) (__aeabi_ldiv0)

Discarded input sections

 .text          0x0000000000000000        0x0 /usr/lib/gcc/arm-none-eabi/10.3.1/thumb/v7e-m+fp/hard/crti.o
 .data          0x0000000000000000        0x0 /usr/lib/gcc/arm-none-eabi/10.3.1/thumb/v7e-m+fp/hard/crti.o
 .bss           0x0000000000000000        0x0 /usr/lib/gcc/arm-none-eabi/10.3.1/thumb/v7e-m+fp/hard/crti.o
 .data          0x0000000000000000        0x4 /usr/lib/gcc/arm-none-eabi/10.3.1/thumb/v7e-m+fp/hard/crtbegin.o
 .rodata        0x0000000000000000       0x24 /usr/lib/gcc/arm-none-eabi/10.3.1/thumb/v7e-m+fp/hard/crtbegin.o
 .text          0x0000000000000000       0x70 /usr/lib/gcc/arm-none-eabi/10.3.1/../../../arm-none-eabi/lib/thumb/v7e-m+fp/hard/crt0.o
 .data          0x0000000000000000        0x0 /usr/lib/gcc/arm-none-eabi/10.3.1/../../../arm-none-eabi/lib/thumb/v7e-m+fp/hard/crt0.o
 .bss           0x0000000000000000        0x0 /usr/lib/gcc/arm-none-eabi/10.3.1/../../../arm-none-eabi/lib/thumb/v7e-m+fp/hard/crt0.o
 .ARM.extab     0x0000000000000000        0x0 /usr/lib/gcc/arm-none-eabi/10.3.1/../../../arm-none-eabi/lib/thumb/v7e-m+fp/hard/crt0.o
 .ARM.exidx     0x0000000000000000       0x10 /usr/lib/gcc/arm-none-eabi/10.3.1/../../../arm-none-eabi/lib/thumb/v7e-m+fp/hard/crt0.o
 .debug_line    0x0000000000000000       0x87 /usr/lib/gcc/arm-none-eabi/10.3.1/../../../arm-none-eabi/lib/thumb/v7e-m+fp/hard/crt0.o
 .debug_info    0x0000000000000000       0x26 /usr/lib/gcc/arm-none-eabi/10.3.1/../../../arm-none-eabi/lib/thumb/v7e-m+fp/hard/crt0.o
 .debug_abbrev  0x0000000000000000       0x14 /usr/lib/gcc/arm-none-eabi/10.3.1/../../../arm-none-eabi/lib/thumb/v7e-m+fp/hard/crt0.o
 .debug_aranges
                0x0000000000000000       0x20 /usr/lib/gcc/arm-none-eabi/10.3.1/../../../arm-none-eabi/lib/thumb/v7e-m+fp/hard/crt0.o
 .debug_str     0x0000000000000000       0x98 /usr/lib/gcc/arm-none-eabi/10.3.1/../../../arm-none-eabi/lib/thumb/v7e-m+fp/hard/crt0.o
 .ARM.attributes
[...]
Memory Configuration

Name             Origin             Length             Attributes
RAM              0x0000000020000000 0x0000000000018000 xrw
FLASH            0x0000000008000000 0x0000000000080000 xr
*default*        0x0000000000000000 0xffffffffffffffff

Linker script and memory map

LOAD /usr/lib/gcc/arm-none-eabi/10.3.1/thumb/v7e-m+fp/hard/crti.o
LOAD /usr/lib/gcc/arm-none-eabi/10.3.1/thumb/v7e-m+fp/hard/crtbegin.o
LOAD /usr/lib/gcc/arm-none-eabi/10.3.1/../../../arm-none-eabi/lib/thumb/v7e-m+fp/hard/crt0.o
LOAD ./3rd_party/FreeRTOS/croutine.o
LOAD ./3rd_party/FreeRTOS/event_groups.o
LOAD ./3rd_party/FreeRTOS/list.o
LOAD ./3rd_party/FreeRTOS/queue.o
LOAD ./3rd_party/FreeRTOS/stream_buffer.o
LOAD ./3rd_party/FreeRTOS/tasks.o
LOAD ./3rd_party/FreeRTOS/timers.o
LOAD ./3rd_party/FreeRTOS/portable/GCC/ARM_CM4F/port.o
LOAD ./3rd_party/FreeRTOS/portable/MemMang/heap_4.o
LOAD ./Core/Src/main.o
LOAD ./Core/Src/stm32f4xx_hal_msp.o
LOAD ./Core/Src/stm32f4xx_it.o
LOAD ./Core/Src/syscalls.o
LOAD ./Core/Src/system_stm32f4xx.o
LOAD ./Core/Startup/startup_stm32f401retx.o
LOAD ./Drivers/STM32F4xx_HAL_Driver/Src/stm32f4xx_hal.o
LOAD ./Drivers/STM32F4xx_HAL_Driver/Src/stm32f4xx_hal_cortex.o
LOAD ./Drivers/STM32F4xx_HAL_Driver/Src/stm32f4xx_hal_dma.o
LOAD ./Drivers/STM32F4xx_HAL_Driver/Src/stm32f4xx_hal_dma_ex.o
LOAD ./Drivers/STM32F4xx_HAL_Driver/Src/stm32f4xx_hal_exti.o
LOAD ./Drivers/STM32F4xx_HAL_Driver/Src/stm32f4xx_hal_flash.o
LOAD ./Drivers/STM32F4xx_HAL_Driver/Src/stm32f4xx_hal_flash_ex.o
LOAD ./Drivers/STM32F4xx_HAL_Driver/Src/stm32f4xx_hal_flash_ramfunc.o
LOAD ./Drivers/STM32F4xx_HAL_Driver/Src/stm32f4xx_hal_gpio.o
LOAD ./Drivers/STM32F4xx_HAL_Driver/Src/stm32f4xx_hal_pwr.o
LOAD ./Drivers/STM32F4xx_HAL_Driver/Src/stm32f4xx_hal_pwr_ex.o
LOAD ./Drivers/STM32F4xx_HAL_Driver/Src/stm32f4xx_hal_rcc.o
LOAD ./Drivers/STM32F4xx_HAL_Driver/Src/stm32f4xx_hal_rcc_ex.o
LOAD ./Drivers/STM32F4xx_HAL_Driver/Src/stm32f4xx_hal_tim.o
LOAD ./Drivers/STM32F4xx_HAL_Driver/Src/stm32f4xx_hal_tim_ex.o
START GROUP
LOAD /usr/lib/gcc/arm-none-eabi/10.3.1/../../../arm-none-eabi/lib/thumb/v7e-m+fp/hard/libc_nano.a
LOAD /usr/lib/gcc/arm-none-eabi/10.3.1/../../../arm-none-eabi/lib/thumb/v7e-m+fp/hard/libm.a
END GROUP
START GROUP
LOAD /usr/lib/gcc/arm-none-eabi/10.3.1/thumb/v7e-m+fp/hard/libgcc.a
LOAD /usr/lib/gcc/arm-none-eabi/10.3.1/../../../arm-none-eabi/lib/thumb/v7e-m+fp/hard/libc_nano.a
END GROUP
START GROUP
LOAD /usr/lib/gcc/arm-none-eabi/10.3.1/thumb/v7e-m+fp/hard/libgcc.a
LOAD /usr/lib/gcc/arm-none-eabi/10.3.1/../../../arm-none-eabi/lib/thumb/v7e-m+fp/hard/libc_nano.a
LOAD /usr/lib/gcc/arm-none-eabi/10.3.1/../../../arm-none-eabi/lib/thumb/v7e-m+fp/hard/libnosys.a
END GROUP
START GROUP
LOAD /usr/lib/gcc/arm-none-eabi/10.3.1/thumb/v7e-m+fp/hard/libgcc.a
LOAD /usr/lib/gcc/arm-none-eabi/10.3.1/../../../arm-none-eabi/lib/thumb/v7e-m+fp/hard/libc_nano.a
LOAD /usr/lib/gcc/arm-none-eabi/10.3.1/../../../arm-none-eabi/lib/thumb/v7e-m+fp/hard/libnosys.a
END GROUP
LOAD /usr/lib/gcc/arm-none-eabi/10.3.1/thumb/v7e-m+fp/hard/crtend.o
LOAD /usr/lib/gcc/arm-none-eabi/10.3.1/thumb/v7e-m+fp/hard/crtn.o
                0x0000000020018000                _estack = (ORIGIN (RAM) + LENGTH (RAM))
                0x0000000000000200                _Min_Heap_Size = 0x200
                0x0000000000000400                _Min_Stack_Size = 0x400

.isr_vector     0x0000000008000000      0x194
                0x0000000008000000                . = ALIGN (0x4)
 *(.isr_vector)
 .isr_vector    0x0000000008000000      0x194 ./Core/Startup/startup_stm32f401retx.o
                0x0000000008000000                g_pfnVectors
                0x0000000008000194                . = ALIGN (0x4)

.text           0x00000000080001a0     0x1534
                0x00000000080001a0                . = ALIGN (0x4)
 *(.text)
 .text          0x00000000080001a0       0x88 /usr/lib/gcc/arm-none-eabi/10.3.1/thumb/v7e-m+fp/hard/crtbegin.o
 .text          0x0000000008000228       0x48 /usr/lib/gcc/arm-none-eabi/10.3.1/../../../arm-none-eabi/lib/thumb/v7e-m+fp/hard/libc_nano.a(lib_a-init.o)
                0x0000000008000228                __libc_init_array
 .text          0x0000000008000270       0xa4 /usr/lib/gcc/arm-none-eabi/10.3.1/../../../arm-none-eabi/lib/thumb/v7e-m+fp/hard/libc_nano.a(lib_a-memset.o)
                0x0000000008000270                memset
 .text          0x0000000008000314       0x30 /usr/lib/gcc/arm-none-eabi/10.3.1/thumb/v7e-m+fp/hard/libgcc.a(_aeabi_uldivmod.o)
                0x0000000008000314                __aeabi_uldivmod
 .text          0x0000000008000344      0x2d0 /usr/lib/gcc/arm-none-eabi/10.3.1/thumb/v7e-m+fp/hard/libgcc.a(_udivmoddi4.o)
                0x0000000008000344                __udivmoddi4
 .text          0x0000000008000614        0x4 /usr/lib/gcc/arm-none-eabi/10.3.1/thumb/v7e-m+fp/hard/libgcc.a(_dvmd_tls.o)
                0x0000000008000614                __aeabi_ldiv0
                0x0000000008000614                __aeabi_idiv0
 *(.text*)
 .text.xTaskIncrementTick
                0x0000000008000618      0x22c ./3rd_party/FreeRTOS/tasks.o
                0x0000000008000618                xTaskIncrementTick
 .text.vTaskSwitchContext
                0x0000000008000844       0xb8 ./3rd_party/FreeRTOS/tasks.o
                0x0000000008000844                vTaskSwitchContext
 .text.prvResetNextTaskUnblockTime
                0x00000000080008fc       0x38 ./3rd_party/FreeRTOS/tasks.o
 *fill*         0x0000000008000934        0xc 
 .text.SVC_Handler
                0x0000000008000940       0x28 ./3rd_party/FreeRTOS/portable/GCC/ARM_CM4F/port.o
                0x0000000008000940                SVC_Handler
 *fill*         0x0000000008000968        0x8 
 .text.PendSV_Handler
                0x0000000008000970       0x68 ./3rd_party/FreeRTOS/portable/GCC/ARM_CM4F/port.o
                0x0000000008000970                PendSV_Handler
 .text.SysTick_Handler
                0x00000000080009d8       0x44 ./3rd_party/FreeRTOS/portable/GCC/ARM_CM4F/port.o
                0x00000000080009d8                SysTick_Handler
 .text.main     0x0000000008000a1c        0xe ./Core/Src/main.o
                0x0000000008000a1c                main
 *fill*         0x0000000008000a2a        0x2 
 .text.SystemClock_Config
                0x0000000008000a2c       0xc0 ./Core/Src/main.o
                0x0000000008000a2c                SystemClock_Config
 .text.Error_Handler
                0x0000000008000aec        0xa ./Core/Src/main.o
                0x0000000008000aec                Error_Handler
 *fill*         0x0000000008000af6        0x2 
 .text.HAL_MspInit
                0x0000000008000af8       0x50 ./Core/Src/stm32f4xx_hal_msp.o
                0x0000000008000af8                HAL_MspInit
 .text.NMI_Handler
                0x0000000008000b48        0x6 ./Core/Src/stm32f4xx_it.o
                0x0000000008000b48                NMI_Handler
 .text.HardFault_Handler
                0x0000000008000b4e        0x6 ./Core/Src/stm32f4xx_it.o
                0x0000000008000b4e                HardFault_Handler
 .text.MemManage_Handler
                0x0000000008000b54        0x6 ./Core/Src/stm32f4xx_it.o
                0x0000000008000b54                MemManage_Handler
 .text.BusFault_Handler
                0x0000000008000b5a        0x6 ./Core/Src/stm32f4xx_it.o
                0x0000000008000b5a                BusFault_Handler
 .text.UsageFault_Handler
                0x0000000008000b60        0x6 ./Core/Src/stm32f4xx_it.o
                0x0000000008000b60                UsageFault_Handler
 .text.DebugMon_Handler
                0x0000000008000b66        0xe ./Core/Src/stm32f4xx_it.o
                0x0000000008000b66                DebugMon_Handler
 .text.SystemInit
                0x0000000008000b74       0x24 ./Core/Src/system_stm32f4xx.o
                0x0000000008000b74                SystemInit
 .text.Reset_Handler
                0x0000000008000b98       0x50 ./Core/Startup/startup_stm32f401retx.o
                0x0000000008000b98                Reset_Handler
 .text.Default_Handler
                0x0000000008000be8        0x2 ./Core/Startup/startup_stm32f401retx.o
                0x0000000008000be8                RTC_Alarm_IRQHandler
                0x0000000008000be8                EXTI2_IRQHandler
                0x0000000008000be8                SPI4_IRQHandler
                0x0000000008000be8                TIM1_CC_IRQHandler
                0x0000000008000be8                DMA2_Stream5_IRQHandler
                0x0000000008000be8                DMA1_Stream5_IRQHandler
                0x0000000008000be8                PVD_IRQHandler
                0x0000000008000be8                SDIO_IRQHandler
                0x0000000008000be8                TAMP_STAMP_IRQHandler
                0x0000000008000be8                EXTI3_IRQHandler
                0x0000000008000be8                TIM1_UP_TIM10_IRQHandler
                0x0000000008000be8                I2C3_ER_IRQHandler
                0x0000000008000be8                EXTI0_IRQHandler
                0x0000000008000be8                I2C2_EV_IRQHandler
                0x0000000008000be8                DMA1_Stream2_IRQHandler
                0x0000000008000be8                FPU_IRQHandler
                0x0000000008000be8                DMA2_Stream2_IRQHandler
                0x0000000008000be8                SPI1_IRQHandler
                0x0000000008000be8                TIM1_BRK_TIM9_IRQHandler
                0x0000000008000be8                DMA2_Stream3_IRQHandler
                0x0000000008000be8                USART6_IRQHandler
                0x0000000008000be8                DMA2_Stream0_IRQHandler
                0x0000000008000be8                TIM4_IRQHandler
                0x0000000008000be8                I2C1_EV_IRQHandler
                0x0000000008000be8                DMA1_Stream6_IRQHandler
                0x0000000008000be8                DMA1_Stream1_IRQHandler
                0x0000000008000be8                TIM3_IRQHandler
                0x0000000008000be8                RCC_IRQHandler
                0x0000000008000be8                Default_Handler
                0x0000000008000be8                EXTI15_10_IRQHandler
                0x0000000008000be8                ADC_IRQHandler
                0x0000000008000be8                DMA1_Stream7_IRQHandler
                0x0000000008000be8                TIM5_IRQHandler
                0x0000000008000be8                DMA2_Stream7_IRQHandler
                0x0000000008000be8                I2C3_EV_IRQHandler
                0x0000000008000be8                EXTI9_5_IRQHandler
                0x0000000008000be8                RTC_WKUP_IRQHandler
                0x0000000008000be8                SPI2_IRQHandler
                0x0000000008000be8                DMA1_Stream0_IRQHandler
                0x0000000008000be8                EXTI4_IRQHandler
                0x0000000008000be8                WWDG_IRQHandler
                0x0000000008000be8                TIM2_IRQHandler
                0x0000000008000be8                OTG_FS_WKUP_IRQHandler
                0x0000000008000be8                TIM1_TRG_COM_TIM11_IRQHandler
                0x0000000008000be8                EXTI1_IRQHandler
                0x0000000008000be8                USART2_IRQHandler
                0x0000000008000be8                I2C2_ER_IRQHandler
                0x0000000008000be8                DMA2_Stream1_IRQHandler
                0x0000000008000be8                FLASH_IRQHandler
                0x0000000008000be8                DMA2_Stream4_IRQHandler
                0x0000000008000be8                USART1_IRQHandler
                0x0000000008000be8                OTG_FS_IRQHandler
                0x0000000008000be8                SPI3_IRQHandler
                0x0000000008000be8                DMA1_Stream4_IRQHandler
                0x0000000008000be8                I2C1_ER_IRQHandler
                0x0000000008000be8                DMA2_Stream6_IRQHandler
                0x0000000008000be8                DMA1_Stream3_IRQHandler
 *fill*         0x0000000008000bea        0x2 
 .text.HAL_Init
                0x0000000008000bec       0x44 ./Drivers/STM32F4xx_HAL_Driver/Src/stm32f4xx_hal.o
                0x0000000008000bec                HAL_Init
 .text.HAL_InitTick
                0x0000000008000c30       0x60 ./Drivers/STM32F4xx_HAL_Driver/Src/stm32f4xx_hal.o
                0x0000000008000c30                HAL_InitTick
 .text.HAL_GetTick
                0x0000000008000c90       0x18 ./Drivers/STM32F4xx_HAL_Driver/Src/stm32f4xx_hal.o
                0x0000000008000c90                HAL_GetTick
 .text.__NVIC_SetPriorityGrouping
                0x0000000008000ca8       0x48 ./Drivers/STM32F4xx_HAL_Driver/Src/stm32f4xx_hal_cortex.o
 .text.__NVIC_GetPriorityGrouping
                0x0000000008000cf0       0x1c ./Drivers/STM32F4xx_HAL_Driver/Src/stm32f4xx_hal_cortex.o
 .text.__NVIC_SetPriority
                0x0000000008000d0c       0x54 ./Drivers/STM32F4xx_HAL_Driver/Src/stm32f4xx_hal_cortex.o
 .text.NVIC_EncodePriority
                0x0000000008000d60       0x66 ./Drivers/STM32F4xx_HAL_Driver/Src/stm32f4xx_hal_cortex.o
 *fill*         0x0000000008000dc6        0x2 
 .text.SysTick_Config
                0x0000000008000dc8       0x44 ./Drivers/STM32F4xx_HAL_Driver/Src/stm32f4xx_hal_cortex.o
 .text.HAL_NVIC_SetPriorityGrouping
                0x0000000008000e0c       0x16 ./Drivers/STM32F4xx_HAL_Driver/Src/stm32f4xx_hal_cortex.o
                0x0000000008000e0c                HAL_NVIC_SetPriorityGrouping
 .text.HAL_NVIC_SetPriority
                0x0000000008000e22       0x38 ./Drivers/STM32F4xx_HAL_Driver/Src/stm32f4xx_hal_cortex.o
                0x0000000008000e22                HAL_NVIC_SetPriority
 .text.HAL_SYSTICK_Config
                0x0000000008000e5a       0x18 ./Drivers/STM32F4xx_HAL_Driver/Src/stm32f4xx_hal_cortex.o
                0x0000000008000e5a                HAL_SYSTICK_Config
 *fill*         0x0000000008000e72        0x2 
 .text.HAL_RCC_OscConfig
                0x0000000008000e74      0x4f0 ./Drivers/STM32F4xx_HAL_Driver/Src/stm32f4xx_hal_rcc.o
                0x0000000008000e74                HAL_RCC_OscConfig
 .text.HAL_RCC_ClockConfig
                0x0000000008001364      0x1cc ./Drivers/STM32F4xx_HAL_Driver/Src/stm32f4xx_hal_rcc.o
                0x0000000008001364                HAL_RCC_ClockConfig
 .text.HAL_RCC_GetSysClockFreq
                0x0000000008001530      0x18c ./Drivers/STM32F4xx_HAL_Driver/Src/stm32f4xx_hal_rcc.o
                0x0000000008001530                HAL_RCC_GetSysClockFreq
 *(.glue_7)
 .glue_7        0x00000000080016bc        0x0 linker stubs
 *(.glue_7t)
 .glue_7t       0x00000000080016bc        0x0 linker stubs
 *(.eh_frame)
 .eh_frame      0x00000000080016bc        0x0 /usr/lib/gcc/arm-none-eabi/10.3.1/thumb/v7e-m+fp/hard/crtbegin.o
 *(.init)
 .init          0x00000000080016bc        0x4 /usr/lib/gcc/arm-none-eabi/10.3.1/thumb/v7e-m+fp/hard/crti.o
                0x00000000080016bc                _init
 .init          0x00000000080016c0        0x8 /usr/lib/gcc/arm-none-eabi/10.3.1/thumb/v7e-m+fp/hard/crtn.o
 *(.fini)
 .fini          0x00000000080016c8        0x4 /usr/lib/gcc/arm-none-eabi/10.3.1/thumb/v7e-m+fp/hard/crti.o
                0x00000000080016c8                _fini
 .fini          0x00000000080016cc        0x8 /usr/lib/gcc/arm-none-eabi/10.3.1/thumb/v7e-m+fp/hard/crtn.o
                0x00000000080016d4                . = ALIGN (0x4)
                0x00000000080016d4                _etext = .

.vfp11_veneer   0x00000000080016d4        0x0
 .vfp11_veneer  0x00000000080016d4        0x0 linker stubs

.v4_bx          0x00000000080016d4        0x0
 .v4_bx         0x00000000080016d4        0x0 linker stubs

.iplt           0x00000000080016d4        0x0
 .iplt          0x00000000080016d4        0x0 /usr/lib/gcc/arm-none-eabi/10.3.1/thumb/v7e-m+fp/hard/crtbegin.o

.rodata         0x00000000080016d4       0x10
                0x00000000080016d4                . = ALIGN (0x4)
 *(.rodata)
 *(.rodata*)
 .rodata.AHBPrescTable
                0x00000000080016d4       0x10 ./Core/Src/system_stm32f4xx.o
                0x00000000080016d4                AHBPrescTable
                0x00000000080016e4                . = ALIGN (0x4)

.ARM.extab      0x00000000080016e4        0x0
                0x00000000080016e4                . = ALIGN (0x4)
 *(.ARM.extab* .gnu.linkonce.armextab.*)
                0x00000000080016e4                . = ALIGN (0x4)

.ARM            0x00000000080016e4        0x8
                0x00000000080016e4                . = ALIGN (0x4)
                0x00000000080016e4                __exidx_start = .
 *(.ARM.exidx*)
 .ARM.exidx     0x00000000080016e4        0x8 /usr/lib/gcc/arm-none-eabi/10.3.1/thumb/v7e-m+fp/hard/libgcc.a(_udivmoddi4.o)
                0x00000000080016ec                __exidx_end = .
                0x00000000080016ec                . = ALIGN (0x4)

.rel.dyn        0x00000000080016ec        0x0
 .rel.iplt      0x00000000080016ec        0x0 /usr/lib/gcc/arm-none-eabi/10.3.1/thumb/v7e-m+fp/hard/crtbegin.o

.preinit_array  0x00000000080016ec        0x0
                0x00000000080016ec                . = ALIGN (0x4)
                0x00000000080016ec                PROVIDE (__preinit_array_start = .)
 *(.preinit_array*)
                0x00000000080016ec                PROVIDE (__preinit_array_end = .)
                0x00000000080016ec                . = ALIGN (0x4)

.init_array     0x00000000080016ec        0x4
                0x00000000080016ec                . = ALIGN (0x4)
                0x00000000080016ec                PROVIDE (__init_array_start = .)
 *(SORT_BY_NAME(.init_array.*))
 *(.init_array*)
 .init_array    0x00000000080016ec        0x4 /usr/lib/gcc/arm-none-eabi/10.3.1/thumb/v7e-m+fp/hard/crtbegin.o
                0x00000000080016f0                PROVIDE (__init_array_end = .)
                0x00000000080016f0                . = ALIGN (0x4)

.fini_array     0x00000000080016f0        0x4
                0x00000000080016f0                . = ALIGN (0x4)
                0x00000000080016f0                PROVIDE (__fini_array_start = .)
 *(SORT_BY_NAME(.fini_array.*))
 *(.fini_array*)
 .fini_array    0x00000000080016f0        0x4 /usr/lib/gcc/arm-none-eabi/10.3.1/thumb/v7e-m+fp/hard/crtbegin.o
                0x00000000080016f4                PROVIDE (__fini_array_end = .)
                0x00000000080016f4                . = ALIGN (0x4)
                0x00000000080016f4                _sidata = LOADADDR (.data)

.data           0x0000000020000000        0xc load address 0x00000000080016f4
                0x0000000020000000                . = ALIGN (0x4)
                0x0000000020000000                _sdata = .
 *(.data)
 *(.data*)
 .data.SystemCoreClock
                0x0000000020000000        0x4 ./Core/Src/system_stm32f4xx.o
                0x0000000020000000                SystemCoreClock
 .data.uwTickPrio
                0x0000000020000004        0x4 ./Drivers/STM32F4xx_HAL_Driver/Src/stm32f4xx_hal.o
                0x0000000020000004                uwTickPrio
 .data.uwTickFreq
                0x0000000020000008        0x1 ./Drivers/STM32F4xx_HAL_Driver/Src/stm32f4xx_hal.o
                0x0000000020000008                uwTickFreq
 *(.RamFunc)
 *(.RamFunc*)
                0x000000002000000c                . = ALIGN (0x4)
 *fill*         0x0000000020000009        0x3 
                0x000000002000000c                _edata = .

.tm_clone_table
                0x000000002000000c        0x0 load address 0x0000000008001700
 .tm_clone_table
                0x000000002000000c        0x0 /usr/lib/gcc/arm-none-eabi/10.3.1/thumb/v7e-m+fp/hard/crtbegin.o
 .tm_clone_table
                0x000000002000000c        0x0 /usr/lib/gcc/arm-none-eabi/10.3.1/thumb/v7e-m+fp/hard/crtend.o

.igot.plt       0x000000002000000c        0x0 load address 0x0000000008001700
 .igot.plt      0x000000002000000c        0x0 /usr/lib/gcc/arm-none-eabi/10.3.1/thumb/v7e-m+fp/hard/crtbegin.o
                0x000000002000000c                . = ALIGN (0x4)

.bss            0x000000002000000c       0xac load address 0x0000000008001700
                0x000000002000000c                _sbss = .
                0x000000002000000c                __bss_start__ = _sbss
 *(.bss)
 .bss           0x000000002000000c       0x1c /usr/lib/gcc/arm-none-eabi/10.3.1/thumb/v7e-m+fp/hard/crtbegin.o
 *(.bss*)
 .bss.pxCurrentTCB
                0x0000000020000028        0x4 ./3rd_party/FreeRTOS/tasks.o
                0x0000000020000028                pxCurrentTCB
 .bss.pxReadyTasksLists
                0x000000002000002c       0x64 ./3rd_party/FreeRTOS/tasks.o
 .bss.pxDelayedTaskList
                0x0000000020000090        0x4 ./3rd_party/FreeRTOS/tasks.o
 .bss.pxOverflowDelayedTaskList
                0x0000000020000094        0x4 ./3rd_party/FreeRTOS/tasks.o
 .bss.xTickCount
                0x0000000020000098        0x4 ./3rd_party/FreeRTOS/tasks.o
 .bss.uxTopReadyPriority
                0x000000002000009c        0x4 ./3rd_party/FreeRTOS/tasks.o
 .bss.xPendedTicks
                0x00000000200000a0        0x4 ./3rd_party/FreeRTOS/tasks.o
 .bss.xYieldPending
                0x00000000200000a4        0x4 ./3rd_party/FreeRTOS/tasks.o
 .bss.xNumOfOverflows
                0x00000000200000a8        0x4 ./3rd_party/FreeRTOS/tasks.o
 .bss.xNextTaskUnblockTime
                0x00000000200000ac        0x4 ./3rd_party/FreeRTOS/tasks.o
 .bss.uxSchedulerSuspended
                0x00000000200000b0        0x4 ./3rd_party/FreeRTOS/tasks.o
 .bss.uwTick    0x00000000200000b4        0x4 ./Drivers/STM32F4xx_HAL_Driver/Src/stm32f4xx_hal.o
                0x00000000200000b4                uwTick
 *(COMMON)
                0x00000000200000b8                . = ALIGN (0x4)
                0x00000000200000b8                _ebss = .
                0x00000000200000b8                __bss_end__ = _ebss

._user_heap_stack
                0x00000000200000b8      0x600 load address 0x0000000008001700
                0x00000000200000b8                . = ALIGN (0x8)
                [!provide]                        PROVIDE (end = .)
                [!provide]                        PROVIDE (_end = .)
                0x00000000200002b8                . = (. + _Min_Heap_Size)
 *fill*         0x00000000200000b8      0x200 
                0x00000000200006b8                . = (. + _Min_Stack_Size)
 *fill*         0x00000000200002b8      0x400 
                0x00000000200006b8                . = ALIGN (0x8)

/DISCARD/
 libc.a(*)
 libm.a(*)
 libgcc.a(*)

.ARM.attributes
                0x0000000000000000       0x30
 *(.ARM.attributes)
 .ARM.attributes
                0x0000000000000000       0x1e /usr/lib/gcc/arm-none-eabi/10.3.1/thumb/v7e-m+fp/hard/crti.o
 .ARM.attributes
                0x000000000000001e       0x34 /usr/lib/gcc/arm-none-eabi/10.3.1/thumb/v7e-m+fp/hard/crtbegin.o
 .ARM.attributes
                0x0000000000000052       0x34 ./3rd_party/FreeRTOS/tasks.o
 .ARM.attributes
                0x0000000000000086       0x34 ./3rd_party/FreeRTOS/portable/GCC/ARM_CM4F/port.o
 .ARM.attributes
                0x00000000000000ba       0x34 ./Core/Src/main.o
 .ARM.attributes
                0x00000000000000ee       0x34 ./Core/Src/stm32f4xx_hal_msp.o
 .ARM.attributes
                0x0000000000000122       0x34 ./Core/Src/stm32f4xx_it.o
 .ARM.attributes
                0x0000000000000156       0x34 ./Core/Src/system_stm32f4xx.o
 .ARM.attributes
                0x000000000000018a       0x21 ./Core/Startup/startup_stm32f401retx.o
 .ARM.attributes
                0x00000000000001ab       0x34 ./Drivers/STM32F4xx_HAL_Driver/Src/stm32f4xx_hal.o
 .ARM.attributes
                0x00000000000001df       0x34 ./Drivers/STM32F4xx_HAL_Driver/Src/stm32f4xx_hal_cortex.o
 .ARM.attributes
                0x0000000000000213       0x34 ./Drivers/STM32F4xx_HAL_Driver/Src/stm32f4xx_hal_rcc.o
 .ARM.attributes
                0x0000000000000247       0x34 /usr/lib/gcc/arm-none-eabi/10.3.1/../../../arm-none-eabi/lib/thumb/v7e-m+fp/hard/libc_nano.a(lib_a-init.o)
 .ARM.attributes
                0x000000000000027b       0x34 /usr/lib/gcc/arm-none-eabi/10.3.1/../../../arm-none-eabi/lib/thumb/v7e-m+fp/hard/libc_nano.a(lib_a-memset.o)
 .ARM.attributes
                0x00000000000002af       0x1e /usr/lib/gcc/arm-none-eabi/10.3.1/thumb/v7e-m+fp/hard/libgcc.a(_aeabi_uldivmod.o)
 .ARM.attributes
                0x00000000000002cd       0x34 /usr/lib/gcc/arm-none-eabi/10.3.1/thumb/v7e-m+fp/hard/libgcc.a(_udivmoddi4.o)
 .ARM.attributes
                0x0000000000000301       0x1e /usr/lib/gcc/arm-none-eabi/10.3.1/thumb/v7e-m+fp/hard/libgcc.a(_dvmd_tls.o)
 .ARM.attributes
                0x000000000000031f       0x32 /usr/lib/gcc/arm-none-eabi/10.3.1/thumb/v7e-m+fp/hard/crtend.o
 .ARM.attributes
                0x0000000000000351       0x1e /usr/lib/gcc/arm-none-eabi/10.3.1/thumb/v7e-m+fp/hard/crtn.o
OUTPUT(FreeRTOS_Project.elf elf32-littlearm)
LOAD linker stubs
LOAD /usr/lib/gcc/arm-none-eabi/10.3.1/../../../arm-none-eabi/lib/thumb/v7e-m+fp/hard/libc.a
LOAD /usr/lib/gcc/arm-none-eabi/10.3.1/../../../arm-none-eabi/lib/thumb/v7e-m+fp/hard/libm.a
LOAD /usr/lib/gcc/arm-none-eabi/10.3.1/thumb/v7e-m+fp/hard/libgcc.a

.comment        0x0000000000000000       0x33
 .comment       0x0000000000000000       0x33 /usr/lib/gcc/arm-none-eabi/10.3.1/thumb/v7e-m+fp/hard/crtbegin.o
                                         0x34 (size before relaxing)
 .comment       0x0000000000000033       0x34 ./3rd_party/FreeRTOS/tasks.o
 .comment       0x0000000000000033       0x34 ./3rd_party/FreeRTOS/portable/GCC/ARM_CM4F/port.o
 .comment       0x0000000000000033       0x34 ./Core/Src/main.o
 .comment       0x0000000000000033       0x34 ./Core/Src/stm32f4xx_hal_msp.o
 .comment       0x0000000000000033       0x34 ./Core/Src/stm32f4xx_it.o
 .comment       0x0000000000000033       0x34 ./Core/Src/system_stm32f4xx.o
 .comment       0x0000000000000033       0x34 ./Drivers/STM32F4xx_HAL_Driver/Src/stm32f4xx_hal.o
 .comment       0x0000000000000033       0x34 ./Drivers/STM32F4xx_HAL_Driver/Src/stm32f4xx_hal_cortex.o
 .comment       0x0000000000000033       0x34 ./Drivers/STM32F4xx_HAL_Driver/Src/stm32f4xx_hal_rcc.o
 .comment       0x0000000000000033       0x34 /usr/lib/gcc/arm-none-eabi/10.3.1/../../../arm-none-eabi/lib/thumb/v7e-m+fp/hard/libc_nano.a(lib_a-init.o)
 .comment       0x0000000000000033       0x34 /usr/lib/gcc/arm-none-eabi/10.3.1/../../../arm-none-eabi/lib/thumb/v7e-m+fp/hard/libc_nano.a(lib_a-memset.o)
 .comment       0x0000000000000033       0x34 /usr/lib/gcc/arm-none-eabi/10.3.1/thumb/v7e-m+fp/hard/libgcc.a(_udivmoddi4.o)
 .comment       0x0000000000000033       0x34 /usr/lib/gcc/arm-none-eabi/10.3.1/thumb/v7e-m+fp/hard/crtend.o

.debug_info     0x0000000000000000     0x6001
 .debug_info    0x0000000000000000     0x248c ./3rd_party/FreeRTOS/tasks.o
 .debug_info    0x000000000000248c      0x4d9 ./3rd_party/FreeRTOS/portable/GCC/ARM_CM4F/port.o
 .debug_info    0x0000000000002965      0x4c5 ./Core/Src/main.o
 .debug_info    0x0000000000002e2a      0x2c8 ./Core/Src/stm32f4xx_hal_msp.o
 .debug_info    0x00000000000030f2       0xe3 ./Core/Src/stm32f4xx_it.o
 .debug_info    0x00000000000031d5      0x537 ./Core/Src/system_stm32f4xx.o
 .debug_info    0x000000000000370c       0x22 ./Core/Startup/startup_stm32f401retx.o
 .debug_info    0x000000000000372e      0x8a7 ./Drivers/STM32F4xx_HAL_Driver/Src/stm32f4xx_hal.o
 .debug_info    0x0000000000003fd5      0xd61 ./Drivers/STM32F4xx_HAL_Driver/Src/stm32f4xx_hal_cortex.o
 .debug_info    0x0000000000004d36      0x917 ./Drivers/STM32F4xx_HAL_Driver/Src/stm32f4xx_hal_rcc.o
 .debug_info    0x000000000000564d      0x11a /usr/lib/gcc/arm-none-eabi/10.3.1/../../../arm-none-eabi/lib/thumb/v7e-m+fp/hard/libc_nano.a(lib_a-init.o)
 .debug_info    0x0000000000005767      0x137 /usr/lib/gcc/arm-none-eabi/10.3.1/../../../arm-none-eabi/lib/thumb/v7e-m+fp/hard/libc_nano.a(lib_a-memset.o)
 .debug_info    0x000000000000589e       0x26 /usr/lib/gcc/arm-none-eabi/10.3.1/thumb/v7e-m+fp/hard/libgcc.a(_aeabi_uldivmod.o)
 .debug_info    0x00000000000058c4      0x717 /usr/lib/gcc/arm-none-eabi/10.3.1/thumb/v7e-m+fp/hard/libgcc.a(_udivmoddi4.o)
 .debug_info    0x0000000000005fdb       0x26 /usr/lib/gcc/arm-none-eabi/10.3.1/thumb/v7e-m+fp/hard/libgcc.a(_dvmd_tls.o)

.debug_abbrev   0x0000000000000000     0x1369
 .debug_abbrev  0x0000000000000000      0x2ea ./3rd_party/FreeRTOS/tasks.o
 .debug_abbrev  0x00000000000002ea      0x231 ./3rd_party/FreeRTOS/portable/GCC/ARM_CM4F/port.o
 .debug_abbrev  0x000000000000051b      0x17d ./Core/Src/main.o
 .debug_abbrev  0x0000000000000698       0xd4 ./Core/Src/stm32f4xx_hal_msp.o
 .debug_abbrev  0x000000000000076c       0x47 ./Core/Src/stm32f4xx_it.o
 .debug_abbrev  0x00000000000007b3      0x116 ./Core/Src/system_stm32f4xx.o
 .debug_abbrev  0x00000000000008c9       0x12 ./Core/Startup/startup_stm32f401retx.o
 .debug_abbrev  0x00000000000008db      0x20b ./Drivers/STM32F4xx_HAL_Driver/Src/stm32f4xx_hal.o
 .debug_abbrev  0x0000000000000ae6      0x316 ./Drivers/STM32F4xx_HAL_Driver/Src/stm32f4xx_hal_cortex.o
 .debug_abbrev  0x0000000000000dfc      0x262 ./Drivers/STM32F4xx_HAL_Driver/Src/stm32f4xx_hal_rcc.o
 .debug_abbrev  0x000000000000105e       0xcc /usr/lib/gcc/arm-none-eabi/10.3.1/../../../arm-none-eabi/lib/thumb/v7e-m+fp/hard/libc_nano.a(lib_a-init.o)
 .debug_abbrev  0x000000000000112a       0xb4 /usr/lib/gcc/arm-none-eabi/10.3.1/../../../arm-none-eabi/lib/thumb/v7e-m+fp/hard/libc_nano.a(lib_a-memset.o)
 .debug_abbrev  0x00000000000011de       0x14 /usr/lib/gcc/arm-none-eabi/10.3.1/thumb/v7e-m+fp/hard/libgcc.a(_aeabi_uldivmod.o)
 .debug_abbrev  0x00000000000011f2      0x163 /usr/lib/gcc/arm-none-eabi/10.3.1/thumb/v7e-m+fp/hard/libgcc.a(_udivmoddi4.o)
 .debug_abbrev  0x0000000000001355       0x14 /usr/lib/gcc/arm-none-eabi/10.3.1/thumb/v7e-m+fp/hard/libgcc.a(_dvmd_tls.o)

.debug_aranges  0x0000000000000000      0x690
 .debug_aranges
                0x0000000000000000      0x1f8 ./3rd_party/FreeRTOS/tasks.o
 .debug_aranges
                0x00000000000001f8       0x80 ./3rd_party/FreeRTOS/portable/GCC/ARM_CM4F/port.o
 .debug_aranges
                0x0000000000000278       0x30 ./Core/Src/main.o
 .debug_aranges
                0x00000000000002a8       0x20 ./Core/Src/stm32f4xx_hal_msp.o
 .debug_aranges
                0x00000000000002c8       0x48 ./Core/Src/stm32f4xx_it.o
 .debug_aranges
                0x0000000000000310       0x28 ./Core/Src/system_stm32f4xx.o
 .debug_aranges
                0x0000000000000338       0x28 ./Core/Startup/startup_stm32f401retx.o
 .debug_aranges
                0x0000000000000360       0xf0 ./Drivers/STM32F4xx_HAL_Driver/Src/stm32f4xx_hal.o
 .debug_aranges
                0x0000000000000450      0x118 ./Drivers/STM32F4xx_HAL_Driver/Src/stm32f4xx_hal_cortex.o
 .debug_aranges
                0x0000000000000568       0x88 ./Drivers/STM32F4xx_HAL_Driver/Src/stm32f4xx_hal_rcc.o
 .debug_aranges
                0x00000000000005f0       0x20 /usr/lib/gcc/arm-none-eabi/10.3.1/../../../arm-none-eabi/lib/thumb/v7e-m+fp/hard/libc_nano.a(lib_a-init.o)
 .debug_aranges
                0x0000000000000610       0x20 /usr/lib/gcc/arm-none-eabi/10.3.1/../../../arm-none-eabi/lib/thumb/v7e-m+fp/hard/libc_nano.a(lib_a-memset.o)
 .debug_aranges
                0x0000000000000630       0x20 /usr/lib/gcc/arm-none-eabi/10.3.1/thumb/v7e-m+fp/hard/libgcc.a(_aeabi_uldivmod.o)
 .debug_aranges
                0x0000000000000650       0x20 /usr/lib/gcc/arm-none-eabi/10.3.1/thumb/v7e-m+fp/hard/libgcc.a(_udivmoddi4.o)
 .debug_aranges
                0x0000000000000670       0x20 /usr/lib/gcc/arm-none-eabi/10.3.1/thumb/v7e-m+fp/hard/libgcc.a(_dvmd_tls.o)

.debug_ranges   0x0000000000000000      0x640
 .debug_ranges  0x0000000000000000      0x1e8 ./3rd_party/FreeRTOS/tasks.o
 .debug_ranges  0x00000000000001e8       0x70 ./3rd_party/FreeRTOS/portable/GCC/ARM_CM4F/port.o
 .debug_ranges  0x0000000000000258       0x20 ./Core/Src/main.o
 .debug_ranges  0x0000000000000278       0x10 ./Core/Src/stm32f4xx_hal_msp.o
 .debug_ranges  0x0000000000000288       0x38 ./Core/Src/stm32f4xx_it.o
 .debug_ranges  0x00000000000002c0       0x18 ./Core/Src/system_stm32f4xx.o
 .debug_ranges  0x00000000000002d8       0x20 ./Core/Startup/startup_stm32f401retx.o
 .debug_ranges  0x00000000000002f8       0xe0 ./Drivers/STM32F4xx_HAL_Driver/Src/stm32f4xx_hal.o
 .debug_ranges  0x00000000000003d8      0x108 ./Drivers/STM32F4xx_HAL_Driver/Src/stm32f4xx_hal_cortex.o
 .debug_ranges  0x00000000000004e0       0x78 ./Drivers/STM32F4xx_HAL_Driver/Src/stm32f4xx_hal_rcc.o
 .debug_ranges  0x0000000000000558       0xe8 /usr/lib/gcc/arm-none-eabi/10.3.1/thumb/v7e-m+fp/hard/libgcc.a(_udivmoddi4.o)

.debug_macro    0x0000000000000000    0x1318b
 .debug_macro   0x0000000000000000      0x257 ./3rd_party/FreeRTOS/tasks.o
 .debug_macro   0x0000000000000257       0x17 ./3rd_party/FreeRTOS/tasks.o
 .debug_macro   0x000000000000026e      0x152 ./3rd_party/FreeRTOS/portable/GCC/ARM_CM4F/port.o
 .debug_macro   0x00000000000003c0      0x171 ./Core/Src/main.o
 .debug_macro   0x0000000000000531      0x28f ./Core/Src/main.o
 .debug_macro   0x00000000000007c0       0x2e ./Core/Src/main.o
 .debug_macro   0x00000000000007ee       0x28 ./Core/Src/main.o
 .debug_macro   0x0000000000000816       0x1c ./Core/Src/main.o
 .debug_macro   0x0000000000000832       0x22 ./Core/Src/main.o
 .debug_macro   0x0000000000000854       0xd9 ./Core/Src/main.o
 .debug_macro   0x000000000000092d     0x102d ./Core/Src/main.o
 .debug_macro   0x000000000000195a      0x11f ./Core/Src/main.o
 .debug_macro   0x0000000000001a79     0xb86c ./Core/Src/main.o
 .debug_macro   0x000000000000d2e5       0x6d ./Core/Src/main.o
 .debug_macro   0x000000000000d352     0x367e ./Core/Src/main.o
 .debug_macro   0x00000000000109d0       0x5c ./Core/Src/main.o
 .debug_macro   0x0000000000010a2c      0x416 ./Core/Src/main.o
 .debug_macro   0x0000000000010e42      0x9fe ./Core/Src/main.o
 .debug_macro   0x0000000000011840      0x115 ./Core/Src/main.o
 .debug_macro   0x0000000000011955       0xf8 ./Core/Src/main.o
 .debug_macro   0x0000000000011a4d       0xa5 ./Core/Src/main.o
 .debug_macro   0x0000000000011af2      0x15f ./Core/Src/main.o
 .debug_macro   0x0000000000011c51      0x287 ./Core/Src/main.o
 .debug_macro   0x0000000000011ed8       0x5f ./Core/Src/main.o
 .debug_macro   0x0000000000011f37      0x236 ./Core/Src/main.o
 .debug_macro   0x000000000001216d      0x132 ./Core/Src/main.o
 .debug_macro   0x000000000001229f      0x264 ./Core/Src/main.o
 .debug_macro   0x0000000000012503       0x2e ./Core/Src/main.o
 .debug_macro   0x0000000000012531      0x11a ./Core/Src/main.o
 .debug_macro   0x000000000001264b       0x85 ./Core/Src/main.o
 .debug_macro   0x00000000000126d0       0x89 ./Core/Src/main.o
 .debug_macro   0x0000000000012759      0x126 ./Core/Src/main.o
 .debug_macro   0x000000000001287f      0x171 ./Core/Src/stm32f4xx_hal_msp.o
 .debug_macro   0x00000000000129f0      0x17b ./Core/Src/stm32f4xx_it.o
 .debug_macro   0x0000000000012b6b      0x167 ./Core/Src/system_stm32f4xx.o
 .debug_macro   0x0000000000012cd2      0x1c7 ./Drivers/STM32F4xx_HAL_Driver/Src/stm32f4xx_hal.o
 .debug_macro   0x0000000000012e99      0x167 ./Drivers/STM32F4xx_HAL_Driver/Src/stm32f4xx_hal_cortex.o
 .debug_macro   0x0000000000013000      0x18b ./Drivers/STM32F4xx_HAL_Driver/Src/stm32f4xx_hal_rcc.o

.debug_line     0x0000000000000000     0x5282
 .debug_line    0x0000000000000000     0x1aae ./3rd_party/FreeRTOS/tasks.o
 .debug_line    0x0000000000001aae      0x56b ./3rd_party/FreeRTOS/portable/GCC/ARM_CM4F/port.o
 .debug_line    0x0000000000002019      0x3dc ./Core/Src/main.o
 .debug_line    0x00000000000023f5      0x374 ./Core/Src/stm32f4xx_hal_msp.o
 .debug_line    0x0000000000002769      0x3f9 ./Core/Src/stm32f4xx_it.o
 .debug_line    0x0000000000002b62      0x3f6 ./Core/Src/system_stm32f4xx.o
 .debug_line    0x0000000000002f58       0x88 ./Core/Startup/startup_stm32f401retx.o
 .debug_line    0x0000000000002fe0      0x65c ./Drivers/STM32F4xx_HAL_Driver/Src/stm32f4xx_hal.o
 .debug_line    0x000000000000363c      0x90b ./Drivers/STM32F4xx_HAL_Driver/Src/stm32f4xx_hal_cortex.o
 .debug_line    0x0000000000003f47      0x9d6 ./Drivers/STM32F4xx_HAL_Driver/Src/stm32f4xx_hal_rcc.o
 .debug_line    0x000000000000491d      0x138 /usr/lib/gcc/arm-none-eabi/10.3.1/../../../arm-none-eabi/lib/thumb/v7e-m+fp/hard/libc_nano.a(lib_a-init.o)
 .debug_line    0x0000000000004a55      0x1bf /usr/lib/gcc/arm-none-eabi/10.3.1/../../../arm-none-eabi/lib/thumb/v7e-m+fp/hard/libc_nano.a(lib_a-memset.o)
 .debug_line    0x0000000000004c14       0x60 /usr/lib/gcc/arm-none-eabi/10.3.1/thumb/v7e-m+fp/hard/libgcc.a(_aeabi_uldivmod.o)
 .debug_line    0x0000000000004c74      0x5ae /usr/lib/gcc/arm-none-eabi/10.3.1/thumb/v7e-m+fp/hard/libgcc.a(_udivmoddi4.o)
 .debug_line    0x0000000000005222       0x60 /usr/lib/gcc/arm-none-eabi/10.3.1/thumb/v7e-m+fp/hard/libgcc.a(_dvmd_tls.o)

.debug_str      0x0000000000000000    0x88a56
 .debug_str     0x0000000000000000     0xd65b ./3rd_party/FreeRTOS/tasks.o
                                       0xd957 (size before relaxing)
 .debug_str     0x000000000000d65b      0x7f6 ./3rd_party/FreeRTOS/portable/GCC/ARM_CM4F/port.o
                                       0x92a6 (size before relaxing)
 .debug_str     0x000000000000de51    0x79226 ./Core/Src/main.o
                                      0x7cd81 (size before relaxing)
 .debug_str     0x0000000000087077       0x2c ./Core/Src/stm32f4xx_hal_msp.o
                                      0x7cc1e (size before relaxing)
 .debug_str     0x00000000000870a3       0x92 ./Core/Src/stm32f4xx_it.o
                                      0x7cb66 (size before relaxing)
 .debug_str     0x0000000000087135       0xcb ./Core/Src/system_stm32f4xx.o
                                      0x7ccc4 (size before relaxing)
 .debug_str     0x0000000000087200       0x34 ./Core/Startup/startup_stm32f401retx.o
                                         0x7a (size before relaxing)
 .debug_str     0x0000000000087234      0x997 ./Drivers/STM32F4xx_HAL_Driver/Src/stm32f4xx_hal.o
                                      0x7d6a1 (size before relaxing)
 .debug_str     0x0000000000087bcb      0x392 ./Drivers/STM32F4xx_HAL_Driver/Src/stm32f4xx_hal_cortex.o
                                      0x7d3fd (size before relaxing)
 .debug_str     0x0000000000087f5d      0x2bf ./Drivers/STM32F4xx_HAL_Driver/Src/stm32f4xx_hal_rcc.o
                                      0x7d0bb (size before relaxing)
 .debug_str     0x000000000008821c      0x16f /usr/lib/gcc/arm-none-eabi/10.3.1/../../../arm-none-eabi/lib/thumb/v7e-m+fp/hard/libc_nano.a(lib_a-init.o)
                                        0x20b (size before relaxing)
 .debug_str     0x000000000008838b       0xb1 /usr/lib/gcc/arm-none-eabi/10.3.1/../../../arm-none-eabi/lib/thumb/v7e-m+fp/hard/libc_nano.a(lib_a-memset.o)
                                        0x1c0 (size before relaxing)
 .debug_str     0x000000000008843c       0xa6 /usr/lib/gcc/arm-none-eabi/10.3.1/thumb/v7e-m+fp/hard/libgcc.a(_aeabi_uldivmod.o)
 .debug_str     0x00000000000884e2      0x544 /usr/lib/gcc/arm-none-eabi/10.3.1/thumb/v7e-m+fp/hard/libgcc.a(_udivmoddi4.o)
                                        0x647 (size before relaxing)
 .debug_str     0x0000000000088a26       0x30 /usr/lib/gcc/arm-none-eabi/10.3.1/thumb/v7e-m+fp/hard/libgcc.a(_dvmd_tls.o)
                                         0xaa (size before relaxing)

.debug_frame    0x0000000000000000     0x16a4
 .debug_frame   0x0000000000000000      0x8a4 ./3rd_party/FreeRTOS/tasks.o
 .debug_frame   0x00000000000008a4      0x1a8 ./3rd_party/FreeRTOS/portable/GCC/ARM_CM4F/port.o
 .debug_frame   0x0000000000000a4c       0x68 ./Core/Src/main.o
 .debug_frame   0x0000000000000ab4       0x38 ./Core/Src/stm32f4xx_hal_msp.o
 .debug_frame   0x0000000000000aec       0xa8 ./Core/Src/stm32f4xx_it.o
 .debug_frame   0x0000000000000b94       0x58 ./Core/Src/system_stm32f4xx.o
 .debug_frame   0x0000000000000bec      0x374 ./Drivers/STM32F4xx_HAL_Driver/Src/stm32f4xx_hal.o
 .debug_frame   0x0000000000000f60      0x498 ./Drivers/STM32F4xx_HAL_Driver/Src/stm32f4xx_hal_cortex.o
 .debug_frame   0x00000000000013f8      0x1f4 ./Drivers/STM32F4xx_HAL_Driver/Src/stm32f4xx_hal_rcc.o
 .debug_frame   0x00000000000015ec       0x2c /usr/lib/gcc/arm-none-eabi/10.3.1/../../../arm-none-eabi/lib/thumb/v7e-m+fp/hard/libc_nano.a(lib_a-init.o)
 .debug_frame   0x0000000000001618       0x2c /usr/lib/gcc/arm-none-eabi/10.3.1/../../../arm-none-eabi/lib/thumb/v7e-m+fp/hard/libc_nano.a(lib_a-memset.o)
 .debug_frame   0x0000000000001644       0x2c /usr/lib/gcc/arm-none-eabi/10.3.1/thumb/v7e-m+fp/hard/libgcc.a(_aeabi_uldivmod.o)
 .debug_frame   0x0000000000001670       0x34 /usr/lib/gcc/arm-none-eabi/10.3.1/thumb/v7e-m+fp/hard/libgcc.a(_udivmoddi4.o)

.debug_loc      0x0000000000000000     0x12f5
 .debug_loc     0x0000000000000000       0xba /usr/lib/gcc/arm-none-eabi/10.3.1/../../../arm-none-eabi/lib/thumb/v7e-m+fp/hard/libc_nano.a(lib_a-init.o)
 .debug_loc     0x00000000000000ba      0x22c /usr/lib/gcc/arm-none-eabi/10.3.1/../../../arm-none-eabi/lib/thumb/v7e-m+fp/hard/libc_nano.a(lib_a-memset.o)
 .debug_loc     0x00000000000002e6     0x100f /usr/lib/gcc/arm-none-eabi/10.3.1/thumb/v7e-m+fp/hard/libgcc.a(_udivmoddi4.o)
