16:54:30 **** Incremental Build of configuration Debug for project FreeRTOS_Project ****
make -j8 all 
arm-none-eabi-gcc "../3rd_party/FreeRTOS/portable/MemMang/heap_4.c" -mcpu=cortex-m4 -std=gnu11 -g3 -DDEBUG -DUSE_HAL_DRIVER -DSTM32F401xE -c -I../Core/Inc -I"/home/justintan/STM32_Workspace/RTOS_Workspace/FreeRTOS_Project/3rd_party/FreeRTOS" -I"/home/justintan/STM32_Workspace/RTOS_Workspace/FreeRTOS_Project/3rd_party/FreeRTOS/include" -I"/home/justintan/STM32_Workspace/RTOS_Workspace/FreeRTOS_Project/3rd_party/FreeRTOS/portable/GCC/ARM_CM4F" -I../Drivers/STM32F4xx_HAL_Driver/Inc -I../Drivers/STM32F4xx_HAL_Driver/Inc/Legacy -I../Drivers/CMSIS/Device/ST/STM32F4xx/Include -I../Drivers/CMSIS/Include -O0 -ffunction-sections -fdata-sections -Wall -fstack-usage -MMD -MP -MF"3rd_party/FreeRTOS/portable/MemMang/heap_4.d" -MT"3rd_party/FreeRTOS/portable/MemMang/heap_4.o" --specs=nano.specs -mfpu=fpv4-sp-d16 -mfloat-abi=hard -mthumb -o "3rd_party/FreeRTOS/portable/MemMang/heap_4.o"
arm-none-eabi-gcc "../3rd_party/FreeRTOS/portable/GCC/ARM_CM4F/port.c" -mcpu=cortex-m4 -std=gnu11 -g3 -DDEBUG -DUSE_HAL_DRIVER -DSTM32F401xE -c -I../Core/Inc -I"/home/justintan/STM32_Workspace/RTOS_Workspace/FreeRTOS_Project/3rd_party/FreeRTOS" -I"/home/justintan/STM32_Workspace/RTOS_Workspace/FreeRTOS_Project/3rd_party/FreeRTOS/include" -I"/home/justintan/STM32_Workspace/RTOS_Workspace/FreeRTOS_Project/3rd_party/FreeRTOS/portable/GCC/ARM_CM4F" -I../Drivers/STM32F4xx_HAL_Driver/Inc -I../Drivers/STM32F4xx_HAL_Driver/Inc/Legacy -I../Drivers/CMSIS/Device/ST/STM32F4xx/Include -I../Drivers/CMSIS/Include -O0 -ffunction-sections -fdata-sections -Wall -fstack-usage -MMD -MP -MF"3rd_party/FreeRTOS/portable/GCC/ARM_CM4F/port.d" -MT"3rd_party/FreeRTOS/portable/GCC/ARM_CM4F/port.o" --specs=nano.specs -mfpu=fpv4-sp-d16 -mfloat-abi=hard -mthumb -o "3rd_party/FreeRTOS/portable/GCC/ARM_CM4F/port.o"
arm-none-eabi-gcc "../3rd_party/FreeRTOS/croutine.c" -mcpu=cortex-m4 -std=gnu11 -g3 -DDEBUG -DUSE_HAL_DRIVER -DSTM32F401xE -c -I../Core/Inc -I"/home/justintan/STM32_Workspace/RTOS_Workspace/FreeRTOS_Project/3rd_party/FreeRTOS" -I"/home/justintan/STM32_Workspace/RTOS_Workspace/FreeRTOS_Project/3rd_party/FreeRTOS/include" -I"/home/justintan/STM32_Workspace/RTOS_Workspace/FreeRTOS_Project/3rd_party/FreeRTOS/portable/GCC/ARM_CM4F" -I../Drivers/STM32F4xx_HAL_Driver/Inc -I../Drivers/STM32F4xx_HAL_Driver/Inc/Legacy -I../Drivers/CMSIS/Device/ST/STM32F4xx/Include -I../Drivers/CMSIS/Include -O0 -ffunction-sections -fdata-sections -Wall -fstack-usage -MMD -MP -MF"3rd_party/FreeRTOS/croutine.d" -MT"3rd_party/FreeRTOS/croutine.o" --specs=nano.specs -mfpu=fpv4-sp-d16 -mfloat-abi=hard -mthumb -o "3rd_party/FreeRTOS/croutine.o"
arm-none-eabi-gcc "../3rd_party/FreeRTOS/event_groups.c" -mcpu=cortex-m4 -std=gnu11 -g3 -DDEBUG -DUSE_HAL_DRIVER -DSTM32F401xE -c -I../Core/Inc -I"/home/justintan/STM32_Workspace/RTOS_Workspace/FreeRTOS_Project/3rd_party/FreeRTOS" -I"/home/justintan/STM32_Workspace/RTOS_Workspace/FreeRTOS_Project/3rd_party/FreeRTOS/include" -I"/home/justintan/STM32_Workspace/RTOS_Workspace/FreeRTOS_Project/3rd_party/FreeRTOS/portable/GCC/ARM_CM4F" -I../Drivers/STM32F4xx_HAL_Driver/Inc -I../Drivers/STM32F4xx_HAL_Driver/Inc/Legacy -I../Drivers/CMSIS/Device/ST/STM32F4xx/Include -I../Drivers/CMSIS/Include -O0 -ffunction-sections -fdata-sections -Wall -fstack-usage -MMD -MP -MF"3rd_party/FreeRTOS/event_groups.d" -MT"3rd_party/FreeRTOS/event_groups.o" --specs=nano.specs -mfpu=fpv4-sp-d16 -mfloat-abi=hard -mthumb -o "3rd_party/FreeRTOS/event_groups.o"
arm-none-eabi-gcc "../3rd_party/FreeRTOS/list.c" -mcpu=cortex-m4 -std=gnu11 -g3 -DDEBUG -DUSE_HAL_DRIVER -DSTM32F401xE -c -I../Core/Inc -I"/home/justintan/STM32_Workspace/RTOS_Workspace/FreeRTOS_Project/3rd_party/FreeRTOS" -I"/home/justintan/STM32_Workspace/RTOS_Workspace/FreeRTOS_Project/3rd_party/FreeRTOS/include" -I"/home/justintan/STM32_Workspace/RTOS_Workspace/FreeRTOS_Project/3rd_party/FreeRTOS/portable/GCC/ARM_CM4F" -I../Drivers/STM32F4xx_HAL_Driver/Inc -I../Drivers/STM32F4xx_HAL_Driver/Inc/Legacy -I../Drivers/CMSIS/Device/ST/STM32F4xx/Include -I../Drivers/CMSIS/Include -O0 -ffunction-sections -fdata-sections -Wall -fstack-usage -MMD -MP -MF"3rd_party/FreeRTOS/list.d" -MT"3rd_party/FreeRTOS/list.o" --specs=nano.specs -mfpu=fpv4-sp-d16 -mfloat-abi=hard -mthumb -o "3rd_party/FreeRTOS/list.o"
arm-none-eabi-gcc "../3rd_party/FreeRTOS/queue.c" -mcpu=cortex-m4 -std=gnu11 -g3 -DDEBUG -DUSE_HAL_DRIVER -DSTM32F401xE -c -I../Core/Inc -I"/home/justintan/STM32_Workspace/RTOS_Workspace/FreeRTOS_Project/3rd_party/FreeRTOS" -I"/home/justintan/STM32_Workspace/RTOS_Workspace/FreeRTOS_Project/3rd_party/FreeRTOS/include" -I"/home/justintan/STM32_Workspace/RTOS_Workspace/FreeRTOS_Project/3rd_party/FreeRTOS/portable/GCC/ARM_CM4F" -I../Drivers/STM32F4xx_HAL_Driver/Inc -I../Drivers/STM32F4xx_HAL_Driver/Inc/Legacy -I../Drivers/CMSIS/Device/ST/STM32F4xx/Include -I../Drivers/CMSIS/Include -O0 -ffunction-sections -fdata-sections -Wall -fstack-usage -MMD -MP -MF"3rd_party/FreeRTOS/queue.d" -MT"3rd_party/FreeRTOS/queue.o" --specs=nano.specs -mfpu=fpv4-sp-d16 -mfloat-abi=hard -mthumb -o "3rd_party/FreeRTOS/queue.o"
arm-none-eabi-gcc "../3rd_party/FreeRTOS/stream_buffer.c" -mcpu=cortex-m4 -std=gnu11 -g3 -DDEBUG -DUSE_HAL_DRIVER -DSTM32F401xE -c -I../Core/Inc -I"/home/justintan/STM32_Workspace/RTOS_Workspace/FreeRTOS_Project/3rd_party/FreeRTOS" -I"/home/justintan/STM32_Workspace/RTOS_Workspace/FreeRTOS_Project/3rd_party/FreeRTOS/include" -I"/home/justintan/STM32_Workspace/RTOS_Workspace/FreeRTOS_Project/3rd_party/FreeRTOS/portable/GCC/ARM_CM4F" -I../Drivers/STM32F4xx_HAL_Driver/Inc -I../Drivers/STM32F4xx_HAL_Driver/Inc/Legacy -I../Drivers/CMSIS/Device/ST/STM32F4xx/Include -I../Drivers/CMSIS/Include -O0 -ffunction-sections -fdata-sections -Wall -fstack-usage -MMD -MP -MF"3rd_party/FreeRTOS/stream_buffer.d" -MT"3rd_party/FreeRTOS/stream_buffer.o" --specs=nano.specs -mfpu=fpv4-sp-d16 -mfloat-abi=hard -mthumb -o "3rd_party/FreeRTOS/stream_buffer.o"
arm-none-eabi-gcc "../3rd_party/FreeRTOS/tasks.c" -mcpu=cortex-m4 -std=gnu11 -g3 -DDEBUG -DUSE_HAL_DRIVER -DSTM32F401xE -c -I../Core/Inc -I"/home/justintan/STM32_Workspace/RTOS_Workspace/FreeRTOS_Project/3rd_party/FreeRTOS" -I"/home/justintan/STM32_Workspace/RTOS_Workspace/FreeRTOS_Project/3rd_party/FreeRTOS/include" -I"/home/justintan/STM32_Workspace/RTOS_Workspace/FreeRTOS_Project/3rd_party/FreeRTOS/portable/GCC/ARM_CM4F" -I../Drivers/STM32F4xx_HAL_Driver/Inc -I../Drivers/STM32F4xx_HAL_Driver/Inc/Legacy -I../Drivers/CMSIS/Device/ST/STM32F4xx/Include -I../Drivers/CMSIS/Include -O0 -ffunction-sections -fdata-sections -Wall -fstack-usage -MMD -MP -MF"3rd_party/FreeRTOS/tasks.d" -MT"3rd_party/FreeRTOS/tasks.o" --specs=nano.specs -mfpu=fpv4-sp-d16 -mfloat-abi=hard -mthumb -o "3rd_party/FreeRTOS/tasks.o"
arm-none-eabi-gcc "../3rd_party/FreeRTOS/timers.c" -mcpu=cortex-m4 -std=gnu11 -g3 -DDEBUG -DUSE_HAL_DRIVER -DSTM32F401xE -c -I../Core/Inc -I"/home/justintan/STM32_Workspace/RTOS_Workspace/FreeRTOS_Project/3rd_party/FreeRTOS" -I"/home/justintan/STM32_Workspace/RTOS_Workspace/FreeRTOS_Project/3rd_party/FreeRTOS/include" -I"/home/justintan/STM32_Workspace/RTOS_Workspace/FreeRTOS_Project/3rd_party/FreeRTOS/portable/GCC/ARM_CM4F" -I../Drivers/STM32F4xx_HAL_Driver/Inc -I../Drivers/STM32F4xx_HAL_Driver/Inc/Legacy -I../Drivers/CMSIS/Device/ST/STM32F4xx/Include -I../Drivers/CMSIS/Include -O0 -ffunction-sections -fdata-sections -Wall -fstack-usage -MMD -MP -MF"3rd_party/FreeRTOS/timers.d" -MT"3rd_party/FreeRTOS/timers.o" --specs=nano.specs -mfpu=fpv4-sp-d16 -mfloat-abi=hard -mthumb -o "3rd_party/FreeRTOS/timers.o"
arm-none-eabi-gcc -o "FreeRTOS_Project.elf" @"objects.list"   -mcpu=cortex-m4 -T"/home/justintan/STM32_Workspace/RTOS_Workspace/FreeRTOS_Project/STM32F401RETX_FLASH.ld" --specs=nosys.specs -Wl,-Map="FreeRTOS_Project.map" -Wl,--gc-sections -static --specs=nano.specs -mfpu=fpv4-sp-d16 -mfloat-abi=hard -mthumb -Wl,--start-group -lc -lm -Wl,--end-group
Finished building target: FreeRTOS_Project.elf
 
arm-none-eabi-size  FreeRTOS_Project.elf 
arm-none-eabi-objdump -h -S FreeRTOS_Project.elf  > "FreeRTOS_Project.list"
   text	   data	    bss	    dec	    hex	filename
   5856	     20	   1708	   7584	   1da0	FreeRTOS_Project.elf
Finished building: default.size.stdout
 
Finished building: FreeRTOS_Project.list
 
